Component: ARM Compiler 5.06 update 6 (build 750) Tool: armlink [4d35ed]

==============================================================================

Section Cross References

    main.o(.text) refers to _printf_percent.o(.ARM.Collect$$_printf_percent$$00000000) for _printf_percent
    main.o(.text) refers to _printf_x.o(.ARM.Collect$$_printf_percent$$0000000C) for _printf_x
    main.o(.text) refers to _printf_hex_int.o(.text) for _printf_longlong_hex
    main.o(.text) refers to _printf_u.o(.ARM.Collect$$_printf_percent$$0000000A) for _printf_u
    main.o(.text) refers to _printf_dec.o(.text) for _printf_int_dec
    main.o(.text) refers to _printf_d.o(.ARM.Collect$$_printf_percent$$00000009) for _printf_d
    main.o(.text) refers to stm32f10x_usart.o(.text) for USART_SendData
    main.o(.text) refers to setup.o(.text) for Init_USART
    main.o(.text) refers to stm32f10x_gpio.o(.text) for GPIO_SetBits
    main.o(.text) refers to noretval__2printf.o(.text) for __2printf
    main.o(.text) refers to 23lc1024.o(.text) for writeBuffer
    stm32f10x_gpio.o(.text) refers to stm32f10x_rcc.o(.text) for RCC_APB2PeriphResetCmd
    stm32f10x_rcc.o(.text) refers to stm32f10x_rcc.o(.data) for APBAHBPrescTable
    stm32f10x_usart.o(.text) refers to stm32f10x_rcc.o(.text) for RCC_APB2PeriphResetCmd
    stm32f10x_spi.o(.text) refers to stm32f10x_rcc.o(.text) for RCC_APB2PeriphResetCmd
    stm32f10x_adc.o(.text) refers to stm32f10x_rcc.o(.text) for RCC_APB2PeriphResetCmd
    23lc1024.o(.text) refers to stm32f10x_gpio.o(.text) for GPIO_SetBits
    23lc1024.o(.text) refers to stm32f10x_spi.o(.text) for SPI_I2S_GetFlagStatus
    setup.o(.text) refers to stm32f10x_rcc.o(.text) for RCC_APB1PeriphClockCmd
    setup.o(.text) refers to stm32f10x_gpio.o(.text) for GPIO_Init
    setup.o(.text) refers to stm32f10x_usart.o(.text) for USART_Init
    setup.o(.text) refers to misc.o(.text) for NVIC_Init
    setup.o(.text) refers to stm32f10x_spi.o(.text) for SPI_Init
    setup.o(.text) refers to setup.o(.data) for GPIO_InitStructure
    setup.o(.text) refers to setup.o(.bss) for UART_InitStructure
    system_stm32f10x.o(.text) refers to system_stm32f10x.o(.data) for SystemCoreClock
    startup_stm32f10x_md.o(STACK) refers (Special) to heapauxi.o(.text) for __use_two_region_memory
    startup_stm32f10x_md.o(HEAP) refers (Special) to heapauxi.o(.text) for __use_two_region_memory
    startup_stm32f10x_md.o(RESET) refers (Special) to heapauxi.o(.text) for __use_two_region_memory
    startup_stm32f10x_md.o(RESET) refers to startup_stm32f10x_md.o(STACK) for __initial_sp
    startup_stm32f10x_md.o(RESET) refers to startup_stm32f10x_md.o(.text) for Reset_Handler
    startup_stm32f10x_md.o(RESET) refers to stm32f10x_it.o(.text) for NMI_Handler
    startup_stm32f10x_md.o(.text) refers (Special) to heapauxi.o(.text) for __use_two_region_memory
    startup_stm32f10x_md.o(.text) refers to system_stm32f10x.o(.text) for SystemInit
    startup_stm32f10x_md.o(.text) refers to __main.o(!!!main) for __main
    startup_stm32f10x_md.o(.text) refers to startup_stm32f10x_md.o(HEAP) for Heap_Mem
    startup_stm32f10x_md.o(.text) refers to startup_stm32f10x_md.o(STACK) for Stack_Mem
    retarget_io.o(.text) refers to strcmpv7m.o(.text) for strcmp
    __2printf.o(.text) refers to _printf_char_file.o(.text) for _printf_char_file
    __2printf.o(.text) refers to stdio_streams.o(.bss) for __stdout
    noretval__2printf.o(.text) refers to _printf_char_file.o(.text) for _printf_char_file
    noretval__2printf.o(.text) refers to stdio_streams.o(.bss) for __stdout
    __printf.o(.text) refers to _printf_percent.o(.ARM.Collect$$_printf_percent$$00000000) for _printf_percent
    _printf_dec.o(.text) refers to _printf_intcommon.o(.text) for _printf_int_common
    _printf_hex_ll.o(.text) refers to _printf_intcommon.o(.text) for _printf_int_common
    _printf_hex_ll.o(.text) refers to _printf_hex_ll.o(.constdata) for .constdata
    _printf_hex_int.o(.text) refers to _printf_intcommon.o(.text) for _printf_int_common
    _printf_hex_int.o(.text) refers to _printf_hex_int.o(.constdata) for .constdata
    _printf_hex_int_ll.o(.text) refers to _printf_intcommon.o(.text) for _printf_int_common
    _printf_hex_int_ll.o(.text) refers to _printf_hex_int_ll.o(.constdata) for .constdata
    _printf_hex_ptr.o(.text) refers to _printf_intcommon.o(.text) for _printf_int_common
    _printf_hex_ptr.o(.text) refers to _printf_hex_ptr.o(.constdata) for .constdata
    _printf_hex_int_ptr.o(.text) refers to _printf_intcommon.o(.text) for _printf_int_common
    _printf_hex_int_ptr.o(.text) refers to _printf_hex_int_ptr.o(.constdata) for .constdata
    _printf_hex_ll_ptr.o(.text) refers to _printf_intcommon.o(.text) for _printf_int_common
    _printf_hex_ll_ptr.o(.text) refers to _printf_hex_ll_ptr.o(.constdata) for .constdata
    _printf_hex_int_ll_ptr.o(.text) refers to _printf_intcommon.o(.text) for _printf_int_common
[...]
    sys_exit.o(.text) refers (Special) to indicate_semi.o(.text) for __semihosting_library_function
    rtexit2.o(.ARM.Collect$$rtexit$$00000003) refers to libshutdown.o(.ARM.Collect$$libshutdown$$00000000) for __rt_lib_shutdown
    rtexit2.o(.ARM.Collect$$rtexit$$00000004) refers to sys_exit.o(.text) for _sys_exit
    rtexit2.o(.ARM.exidx) refers to rtexit2.o(.ARM.Collect$$rtexit$$00000001) for .ARM.Collect$$rtexit$$00000001
    rtexit2.o(.ARM.exidx) refers to rtexit2.o(.ARM.Collect$$rtexit$$00000003) for .ARM.Collect$$rtexit$$00000003
    rtexit2.o(.ARM.exidx) refers to rtexit2.o(.ARM.Collect$$rtexit$$00000004) for .ARM.Collect$$rtexit$$00000004
    maybetermalloc2.o(.emb_text) refers (Special) to term_alloc.o(.text) for _terminate_alloc
    h1_extend.o(.text) refers to h1_free.o(.text) for free
    h1_init_mt.o(.text) refers to mutex_dummy.o(.text) for _mutex_initialize
    h1_extend_mt.o(.text) refers to h1_free_mt.o(.text) for _free_internal
    ftell.o(.text) refers to rt_errno_addr_intlibspace.o(.text) for __aeabi_errno_addr
    __raise.o(.text) refers to defsig.o(CL$$defsig) for __default_signal_handler
    defsig_general.o(.text) refers to retarget_io.o(.text) for _ttywrch
    defsig_rtmem_outer.o(.text) refers to defsig_rtmem_inner.o(.text) for __rt_SIGRTMEM_inner
    defsig_rtmem_outer.o(.text) refers to defsig_exit.o(.text) for __sig_exit
    defsig_rtmem_formal.o(.text) refers to rt_raise.o(.text) for __rt_raise
    heapauxa.o(.text) refers to heapauxa.o(.data) for .data
    _get_argv.o(.text) refers (Special) to hrguard.o(.text) for __heap_region$guard
    _get_argv.o(.text) refers to h1_alloc.o(.text) for malloc
    _get_argv.o(.text) refers to defsig_rtmem_outer.o(.text) for __rt_SIGRTMEM
    _get_argv.o(.text) refers to sys_command.o(.text) for _sys_command_string
    _get_argv_nomalloc.o(.text) refers (Special) to hrguard.o(.text) for __heap_region$guard
    _get_argv_nomalloc.o(.text) refers to defsig_rtmem_outer.o(.text) for __rt_SIGRTMEM
    _get_argv_nomalloc.o(.text) refers to sys_command.o(.text) for _sys_command_string
    sys_command.o(.text) refers (Special) to use_no_semi.o(.text) for __I$use$semihosting
    sys_command.o(.text) refers (Special) to indicate_semi.o(.text) for __semihosting_library_function
    rt_errno_addr.o(.text) refers to rt_errno_addr.o(.bss) for __aeabi_errno_addr_data
    rt_errno_addr_intlibspace.o(.text) refers to libspace.o(.bss) for __libspace_start
    term_alloc.o(.text) refers (Special) to libshutdown2.o(.ARM.Collect$$libshutdown$$0000000E) for __rt_lib_shutdown_heap_2
    term_alloc.o(.text) refers to rt_heap_descriptor_intlibspace.o(.text) for __rt_heap_descriptor
    term_alloc.o(.text) refers to h1_final.o(.text) for __Heap_Finalize
    defsig_rtmem_inner.o(.text) refers to defsig_general.o(.text) for __default_signal_display
    defsig.o(CL$$defsig) refers to defsig_rtred_inner.o(.text) for __rt_SIGRTRED_inner
    defsig.o(CL$$defsig) refers to defsig_rtmem_inner.o(.text) for __rt_SIGRTMEM_inner
    libshutdown.o(.ARM.Collect$$libshutdown$$00000000) refers (Special) to libshutdown2.o(.ARM.Collect$$libshutdown$$00000002) for __rt_lib_shutdown_cpp_1
    libshutdown.o(.ARM.Collect$$libshutdown$$00000000) refers (Special) to libshutdown2.o(.ARM.Collect$$libshutdown$$00000007) for __rt_lib_shutdown_fp_trap_1
    libshutdown.o(.ARM.Collect$$libshutdown$$00000000) refers (Special) to libshutdown2.o(.ARM.Collect$$libshutdown$$0000000F) for __rt_lib_shutdown_heap_1
    libshutdown.o(.ARM.Collect$$libshutdown$$00000000) refers (Special) to libshutdown2.o(.ARM.Collect$$libshutdown$$00000010) for __rt_lib_shutdown_return
    libshutdown.o(.ARM.Collect$$libshutdown$$00000000) refers (Special) to libshutdown2.o(.ARM.Collect$$libshutdown$$0000000A) for __rt_lib_shutdown_signal_1
    libshutdown.o(.ARM.Collect$$libshutdown$$00000000) refers (Special) to libshutdown2.o(.ARM.Collect$$libshutdown$$00000004) for __rt_lib_shutdown_stdio_1
    libshutdown.o(.ARM.Collect$$libshutdown$$00000000) refers (Special) to libshutdown2.o(.ARM.Collect$$libshutdown$$0000000C) for __rt_lib_shutdown_user_alloc_1
    defsig_abrt_inner.o(.text) refers to defsig_general.o(.text) for __default_signal_display
    defsig_fpe_inner.o(.text) refers to defsig_general.o(.text) for __default_signal_display
    defsig_stak_inner.o(.text) refers to defsig_general.o(.text) for __default_signal_display
    defsig_pvfn_inner.o(.text) refers to defsig_general.o(.text) for __default_signal_display
    defsig_cppl_inner.o(.text) refers to defsig_general.o(.text) for __default_signal_display
    defsig_segv_inner.o(.text) refers to defsig_general.o(.text) for __default_signal_display
    defsig_other.o(.text) refers to defsig_general.o(.text) for __default_signal_display


==============================================================================

Removing Unused input sections from the image.

    Removing stm32f10x_adc.o(.text), (1102 bytes).
    Removing core_cm3.o(.emb_text), (32 bytes).

2 unused section(s) (total 1134 bytes) removed from the image.

==============================================================================

Image Symbol Table

    Local Symbols

    Symbol Name                              Value     Ov Type        Size  Object(Section)

    ../clib/angel/boardlib.s                 0x00000000   Number         0  boardinit2.o ABSOLUTE
    ../clib/angel/boardlib.s                 0x00000000   Number         0  boardinit3.o ABSOLUTE
    ../clib/angel/boardlib.s                 0x00000000   Number         0  boardshut.o ABSOLUTE
    ../clib/angel/boardlib.s                 0x00000000   Number         0  boardinit1.o ABSOLUTE
    ../clib/angel/handlers.s                 0x00000000   Number         0  __scatter_zi.o ABSOLUTE
    ../clib/angel/handlers.s                 0x00000000   Number         0  __scatter_copy.o ABSOLUTE
    ../clib/angel/kernel.s                   0x00000000   Number         0  __rtentry4.o ABSOLUTE
    ../clib/angel/kernel.s                   0x00000000   Number         0  __rtentry2.o ABSOLUTE
    ../clib/angel/kernel.s                   0x00000000   Number         0  rtexit.o ABSOLUTE
    ../clib/angel/kernel.s                   0x00000000   Number         0  rtexit2.o ABSOLUTE
    ../clib/angel/kernel.s                   0x00000000   Number         0  __rtentry.o ABSOLUTE
    ../clib/angel/rt.s                       0x00000000   Number         0  rt_errno_addr.o ABSOLUTE
    ../clib/angel/rt.s                       0x00000000   Number         0  rt_errno_addr_intlibspace.o ABSOLUTE
    ../clib/angel/rt.s                       0x00000000   Number         0  rt_heap_descriptor_intlibspace.o ABSOLUTE
    ../clib/angel/rt.s                       0x00000000   Number         0  rt_heap_descriptor.o ABSOLUTE
    ../clib/angel/rt.s                       0x00000000   Number         0  rt_raise.o ABSOLUTE
    ../clib/angel/scatter.s                  0x00000000   Number         0  __scatter.o ABSOLUTE
    ../clib/angel/startup.s                  0x00000000   Number         0  __main.o ABSOLUTE
    ../clib/angel/sys.s                      0x00000000   Number         0  sys_stackheap_outer.o ABSOLUTE
    ../clib/angel/sys.s                      0x00000000   Number         0  use_no_semi.o ABSOLUTE
    ../clib/angel/sys.s                      0x00000000   Number         0  indicate_semi.o ABSOLUTE
    ../clib/angel/sys.s                      0x00000000   Number         0  mutex_dummy.o ABSOLUTE
    ../clib/angel/sys.s                      0x00000000   Number         0  libspace.o ABSOLUTE
    ../clib/angel/sysapp.c                   0x00000000   Number         0  sys_exit.o ABSOLUTE
    ../clib/angel/sysapp.c                   0x00000000   Number         0  sys_command.o ABSOLUTE
    ../clib/armsys.c                         0x00000000   Number         0  no_argv.o ABSOLUTE
    ../clib/armsys.c                         0x00000000   Number         0  _get_argv.o ABSOLUTE
    ../clib/armsys.c                         0x00000000   Number         0  argv_veneer.o ABSOLUTE
    ../clib/armsys.c                         0x00000000   Number         0  argv_veneer.o ABSOLUTE
    ../clib/armsys.c                         0x00000000   Number         0  _get_argv_nomalloc.o ABSOLUTE
    ../clib/heap1.c                          0x00000000   Number         0  h1_final.o ABSOLUTE
    ../clib/heap1.c                          0x00000000   Number         0  h1_final_mt.o ABSOLUTE
    ../clib/heap1.c                          0x00000000   Number         0  h1_init.o ABSOLUTE
    ../clib/heap1.c                          0x00000000   Number         0  h1_alloc.o ABSOLUTE
    ../clib/heap1.c                          0x00000000   Number         0  h1_alloc_mt.o ABSOLUTE
    ../clib/heap1.c                          0x00000000   Number         0  h1_extend.o ABSOLUTE
    ../clib/heap1.c                          0x00000000   Number         0  h1_extend_mt.o ABSOLUTE
    ../clib/heap1.c                          0x00000000   Number         0  h1_init_mt.o ABSOLUTE
    ../clib/heap1.c                          0x00000000   Number         0  h1_free.o ABSOLUTE
    ../clib/heap1.c                          0x00000000   Number         0  h1_free_mt.o ABSOLUTE
    ../clib/heap2.c                          0x00000000   Number         0  fdtree.o ABSOLUTE
    ../clib/heap2.c                          0x00000000   Number         0  heap2mt.o ABSOLUTE
    ../clib/heap2.c                          0x00000000   Number         0  heap2.o ABSOLUTE
    ../clib/heapalloc.c                      0x00000000   Number         0  init_alloc.o ABSOLUTE
    ../clib/heapalloc.c                      0x00000000   Number         0  hguard.o ABSOLUTE
    ../clib/heapalloc.c                      0x00000000   Number         0  free.o ABSOLUTE
    ../clib/heapalloc.c                      0x00000000   Number         0  maybetermalloc2.o ABSOLUTE
    ../clib/heapalloc.c                      0x00000000   Number         0  maybetermalloc1.o ABSOLUTE
    ../clib/heapalloc.c                      0x00000000   Number         0  maybetermalloc1.o ABSOLUTE
    ../clib/heapalloc.c                      0x00000000   Number         0  term_alloc.o ABSOLUTE
    ../clib/heapalloc.c                      0x00000000   Number         0  hrguard.o ABSOLUTE
    ../clib/heapalloc.c                      0x00000000   Number         0  maybetermalloc2.o ABSOLUTE
    ../clib/heapalloc.c                      0x00000000   Number         0  heapstubs.o ABSOLUTE
    ../clib/heapalloc.c                      0x00000000   Number         0  malloc.o ABSOLUTE
    ../clib/heapaux.c                        0x00000000   Number         0  heapauxi.o ABSOLUTE
    ../clib/heapaux.c                        0x00000000   Number         0  heapauxa.o ABSOLUTE
    ../clib/libinit.s                        0x00000000   Number         0  libshutdown.o ABSOLUTE
    ../clib/libinit.s                        0x00000000   Number         0  libshutdown2.o ABSOLUTE
    ../clib/libinit.s                        0x00000000   Number         0  libinit2.o ABSOLUTE
    ../clib/libinit.s                        0x00000000   Number         0  libinit.o ABSOLUTE
    ../clib/memcpset.s                       0x00000000   Number         0  rt_memcpy_w.o ABSOLUTE
    ../clib/memcpset.s                       0x00000000   Number         0  rt_memclr_w.o ABSOLUTE
    ../clib/memcpset.s                       0x00000000   Number         0  strcmpv7m.o ABSOLUTE
    ../clib/printf.c                         0x00000000   Number         0  __printf_ss_wp.o ABSOLUTE
    ../clib/printf.c                         0x00000000   Number         0  _printf_char_common.o ABSOLUTE
    ../clib/printf.c                         0x00000000   Number         0  __printf_flags_wp.o ABSOLUTE
    ../clib/printf.c                         0x00000000   Number         0  _printf_hex_ll.o ABSOLUTE
    ../clib/printf.c                         0x00000000   Number         0  __printf_wp.o ABSOLUTE
    ../clib/printf.c                         0x00000000   Number         0  _printf_dec.o ABSOLUTE
    ../clib/printf.c                         0x00000000   Number         0  _printf_intcommon.o ABSOLUTE
    ../clib/printf.c                         0x00000000   Number         0  _printf_char_file.o ABSOLUTE
    ../clib/printf.c                         0x00000000   Number         0  __printf.o ABSOLUTE
    ../clib/printf.c                         0x00000000   Number         0  noretval__2printf.o ABSOLUTE
    ../clib/printf.c                         0x00000000   Number         0  __2printf.o ABSOLUTE
    ../clib/printf.c                         0x00000000   Number         0  __printf_flags_ss.o ABSOLUTE
    ../clib/printf.c                         0x00000000   Number         0  __printf_ss.o ABSOLUTE
    ../clib/printf.c                         0x00000000   Number         0  __printf_flags.o ABSOLUTE
    ../clib/printf.c                         0x00000000   Number         0  __printf_nopercent.o ABSOLUTE
    ../clib/printf.c                         0x00000000   Number         0  _printf_hex_int_ll_ptr.o ABSOLUTE
    ../clib/printf.c                         0x00000000   Number         0  _printf_hex_ll_ptr.o ABSOLUTE
    ../clib/printf.c                         0x00000000   Number         0  _printf_hex_int_ptr.o ABSOLUTE
    ../clib/printf.c                         0x00000000   Number         0  _printf_hex_ptr.o ABSOLUTE
    ../clib/printf.c                         0x00000000   Number         0  _printf_hex_int_ll.o ABSOLUTE
    ../clib/printf.c                         0x00000000   Number         0  _printf_hex_int.o ABSOLUTE
    ../clib/printf.c                         0x00000000   Number         0  __printf_flags_ss_wp.o ABSOLUTE
    ../clib/printf_percent.s                 0x00000000   Number         0  _printf_x.o ABSOLUTE
    ../clib/printf_percent.s                 0x00000000   Number         0  _printf_percent_end.o ABSOLUTE
    ../clib/printf_percent.s                 0x00000000   Number         0  _printf_d.o ABSOLUTE
    ../clib/printf_percent.s                 0x00000000   Number         0  _printf_percent.o ABSOLUTE
    ../clib/printf_percent.s                 0x00000000   Number         0  _printf_u.o ABSOLUTE
    ../clib/signal.c                         0x00000000   Number         0  defsig_cppl_inner.o ABSOLUTE
    ../clib/signal.c                         0x00000000   Number         0  defsig_exit.o ABSOLUTE
    ../clib/signal.c                         0x00000000   Number         0  defsig_pvfn_inner.o ABSOLUTE
    ../clib/signal.c                         0x00000000   Number         0  defsig_stak_inner.o ABSOLUTE
    ../clib/signal.c                         0x00000000   Number         0  defsig_fpe_inner.o ABSOLUTE
    ../clib/signal.c                         0x00000000   Number         0  defsig_abrt_inner.o ABSOLUTE
    ../clib/signal.c                         0x00000000   Number         0  defsig_rtmem_outer.o ABSOLUTE
    ../clib/signal.c                         0x00000000   Number         0  defsig_other.o ABSOLUTE
    ../clib/signal.c                         0x00000000   Number         0  defsig_rtmem_inner.o ABSOLUTE
    ../clib/signal.c                         0x00000000   Number         0  defsig_segv_inner.o ABSOLUTE
    ../clib/signal.c                         0x00000000   Number         0  defsig_rtred_outer.o ABSOLUTE
    ../clib/signal.c                         0x00000000   Number         0  defsig_rtmem_formal.o ABSOLUTE
    ../clib/signal.c                         0x00000000   Number         0  defsig_rtred_formal.o ABSOLUTE
    ../clib/signal.c                         0x00000000   Number         0  defsig_general.o ABSOLUTE
    ../clib/signal.c                         0x00000000   Number         0  __raise.o ABSOLUTE
    ../clib/signal.c                         0x00000000   Number         0  defsig_rtred_inner.o ABSOLUTE
    ../clib/signal.s                         0x00000000   Number         0  defsig.o ABSOLUTE
    ../clib/stdio.c                          0x00000000   Number         0  fclose.o ABSOLUTE
    ../clib/stdio.c                          0x00000000   Number         0  setvbuf_locked.o ABSOLUTE
    ../clib/stdio.c                          0x00000000   Number         0  fopen_locked.o ABSOLUTE
    ../clib/stdio.c                          0x00000000   Number         0  ferror_locked.o ABSOLUTE
    ../clib/stdio.c                          0x00000000   Number         0  stdio.o ABSOLUTE
    ../clib/stdio.c                          0x00000000   Number         0  fseek.o ABSOLUTE
    ../clib/stdio.c                          0x00000000   Number         0  initio.o ABSOLUTE
    ../clib/stdio.c                          0x00000000   Number         0  streamlock.o ABSOLUTE
    ../clib/stdio.c                          0x00000000   Number         0  initio_locked.o ABSOLUTE
    ../clib/stdio.c                          0x00000000   Number         0  ferror.o ABSOLUTE
    ../clib/stdio.c                          0x00000000   Number         0  ftell.o ABSOLUTE
    ../clib/stdio.c                          0x00000000   Number         0  setvbuf.o ABSOLUTE
    ../clib/stdio.c                          0x00000000   Number         0  fopen.o ABSOLUTE
    ../clib/stdio.c                          0x00000000   Number         0  stdio_streams.o ABSOLUTE
    ../clib/stdlib.c                         0x00000000   Number         0  exit.o ABSOLUTE
    ../fplib/fpinit.s                        0x00000000   Number         0  fpinit.o ABSOLUTE
    ..\..\Libraries\CMSIS\CM3\CoreSupport\core_cm3.c 0x00000000   Number         0  core_cm3.o ABSOLUTE
    ..\..\Libraries\CMSIS\CM3\DeviceSupport\ST\STM32F10x\startup\arm\startup_stm32f10x_md.s 0x00000000   Number         0  startup_stm32f10x_md.o ABSOLUTE
    ..\..\Libraries\CMSIS\CM3\DeviceSupport\ST\STM32F10x\system_stm32f10x.c 0x00000000   Number         0  system_stm32f10x.o ABSOLUTE
    ..\..\Libraries\STM32F10x_StdPeriph_Driver\src\23LC1024.c 0x00000000   Number         0  23lc1024.o ABSOLUTE
    ..\..\Libraries\STM32F10x_StdPeriph_Driver\src\misc.c 0x00000000   Number         0  misc.o ABSOLUTE
    ..\..\Libraries\STM32F10x_StdPeriph_Driver\src\setup.c 0x00000000   Number         0  setup.o ABSOLUTE
    ..\..\Libraries\STM32F10x_StdPeriph_Driver\src\stm32f10x_adc.c 0x00000000   Number         0  stm32f10x_adc.o ABSOLUTE
    ..\..\Libraries\STM32F10x_StdPeriph_Driver\src\stm32f10x_gpio.c 0x00000000   Number         0  stm32f10x_gpio.o ABSOLUTE
    ..\..\Libraries\STM32F10x_StdPeriph_Driver\src\stm32f10x_rcc.c 0x00000000   Number         0  stm32f10x_rcc.o ABSOLUTE
    ..\..\Libraries\STM32F10x_StdPeriph_Driver\src\stm32f10x_spi.c 0x00000000   Number         0  stm32f10x_spi.o ABSOLUTE
    ..\..\Libraries\STM32F10x_StdPeriph_Driver\src\stm32f10x_usart.c 0x00000000   Number         0  stm32f10x_usart.o ABSOLUTE
    ..\\..\\Libraries\\CMSIS\\CM3\\CoreSupport\\core_cm3.c 0x00000000   Number         0  core_cm3.o ABSOLUTE
    ..\main.c                                0x00000000   Number         0  main.o ABSOLUTE
    ..\stm32f10x_it.c                        0x00000000   Number         0  stm32f10x_it.o ABSOLUTE
    C:\Keil_v5\ARM\PACK\Keil\ARM_Compiler\1.4.0\Source\retarget_io.c 0x00000000   Number         0  retarget_io.o ABSOLUTE
    dc.s                                     0x00000000   Number         0  dc.o ABSOLUTE
    RESET                                    0x08000000   Section      236  startup_stm32f10x_md.o(RESET)
    !!!main                                  0x080000ec   Section        8  __main.o(!!!main)
    !!!scatter                               0x080000f4   Section       52  __scatter.o(!!!scatter)
    !!handler_copy                           0x08000128   Section       26  __scatter_copy.o(!!handler_copy)
    !!handler_zi                             0x08000144   Section       28  __scatter_zi.o(!!handler_zi)
    .ARM.Collect$$_printf_percent$$00000000  0x08000160   Section        0  _printf_percent.o(.ARM.Collect$$_printf_percent$$00000000)
    .ARM.Collect$$_printf_percent$$00000009  0x08000160   Section        6  _printf_d.o(.ARM.Collect$$_printf_percent$$00000009)
    .ARM.Collect$$_printf_percent$$0000000A  0x08000166   Section        6  _printf_u.o(.ARM.Collect$$_printf_percent$$0000000A)
    .ARM.Collect$$_printf_percent$$0000000C  0x0800016c   Section        6  _printf_x.o(.ARM.Collect$$_printf_percent$$0000000C)
    .ARM.Collect$$_printf_percent$$00000017  0x08000172   Section        4  _printf_percent_end.o(.ARM.Collect$$_printf_percent$$00000017)
    .ARM.Collect$$libinit$$00000000          0x08000176   Section        2  libinit.o(.ARM.Collect$$libinit$$00000000)
    .ARM.Collect$$libinit$$00000002          0x08000178   Section        0  libinit2.o(.ARM.Collect$$libinit$$00000002)
    .ARM.Collect$$libinit$$00000004          0x08000178   Section        0  libinit2.o(.ARM.Collect$$libinit$$00000004)
    .ARM.Collect$$libinit$$00000005          0x08000178   Section        8  libinit2.o(.ARM.Collect$$libinit$$00000005)
    .ARM.Collect$$libinit$$0000000A          0x08000180   Section        0  libinit2.o(.ARM.Collect$$libinit$$0000000A)
    .ARM.Collect$$libinit$$0000000C          0x08000180   Section        0  libinit2.o(.ARM.Collect$$libinit$$0000000C)
    .ARM.Collect$$libinit$$0000000E          0x08000180   Section        0  libinit2.o(.ARM.Collect$$libinit$$0000000E)
    .ARM.Collect$$libinit$$00000011          0x08000180   Section        0  libinit2.o(.ARM.Collect$$libinit$$00000011)
    .ARM.Collect$$libinit$$00000013          0x08000180   Section        0  libinit2.o(.ARM.Collect$$libinit$$00000013)
    .ARM.Collect$$libinit$$00000015          0x08000180   Section        0  libinit2.o(.ARM.Collect$$libinit$$00000015)
    .ARM.Collect$$libinit$$00000017          0x08000180   Section        0  libinit2.o(.ARM.Collect$$libinit$$00000017)
    .ARM.Collect$$libinit$$00000019          0x08000180   Section        0  libinit2.o(.ARM.Collect$$libinit$$00000019)
    .ARM.Collect$$libinit$$0000001B          0x08000180   Section        0  libinit2.o(.ARM.Collect$$libinit$$0000001B)
    .ARM.Collect$$libinit$$0000001D          0x08000180   Section        0  libinit2.o(.ARM.Collect$$libinit$$0000001D)
    .ARM.Collect$$libinit$$0000001F          0x08000180   Section        0  libinit2.o(.ARM.Collect$$libinit$$0000001F)
    .ARM.Collect$$libinit$$00000021          0x08000180   Section        0  libinit2.o(.ARM.Collect$$libinit$$00000021)
    .ARM.Collect$$libinit$$00000023          0x08000180   Section        0  libinit2.o(.ARM.Collect$$libinit$$00000023)
    .ARM.Collect$$libinit$$00000024          0x08000180   Section        4  libinit2.o(.ARM.Collect$$libinit$$00000024)
    .ARM.Collect$$libinit$$00000025          0x08000184   Section        0  libinit2.o(.ARM.Collect$$libinit$$00000025)
    .ARM.Collect$$libinit$$0000002C          0x08000184   Section        0  libinit2.o(.ARM.Collect$$libinit$$0000002C)
    .ARM.Collect$$libinit$$0000002E          0x08000184   Section        0  libinit2.o(.ARM.Collect$$libinit$$0000002E)
    .ARM.Collect$$libinit$$00000030          0x08000184   Section        0  libinit2.o(.ARM.Collect$$libinit$$00000030)
    .ARM.Collect$$libinit$$00000032          0x08000184   Section        0  libinit2.o(.ARM.Collect$$libinit$$00000032)
    .ARM.Collect$$libinit$$00000033          0x08000184   Section        2  libinit2.o(.ARM.Collect$$libinit$$00000033)
    .ARM.Collect$$libshutdown$$00000000      0x08000186   Section        2  libshutdown.o(.ARM.Collect$$libshutdown$$00000000)
    .ARM.Collect$$libshutdown$$00000002      0x08000188   Section        0  libshutdown2.o(.ARM.Collect$$libshutdown$$00000002)
    .ARM.Collect$$libshutdown$$00000003      0x08000188   Section        4  libshutdown2.o(.ARM.Collect$$libshutdown$$00000003)
    .ARM.Collect$$libshutdown$$00000004      0x0800018c   Section        0  libshutdown2.o(.ARM.Collect$$libshutdown$$00000004)
    .ARM.Collect$$libshutdown$$00000007      0x0800018c   Section        0  libshutdown2.o(.ARM.Collect$$libshutdown$$00000007)
    .ARM.Collect$$libshutdown$$0000000A      0x0800018c   Section        0  libshutdown2.o(.ARM.Collect$$libshutdown$$0000000A)
    .ARM.Collect$$libshutdown$$0000000C      0x0800018c   Section        0  libshutdown2.o(.ARM.Collect$$libshutdown$$0000000C)
    .ARM.Collect$$libshutdown$$0000000F      0x0800018c   Section        0  libshutdown2.o(.ARM.Collect$$libshutdown$$0000000F)
    .ARM.Collect$$libshutdown$$00000010      0x0800018c   Section        2  libshutdown2.o(.ARM.Collect$$libshutdown$$00000010)
    .ARM.Collect$$rtentry$$00000000          0x0800018e   Section        0  __rtentry.o(.ARM.Collect$$rtentry$$00000000)
    .ARM.Collect$$rtentry$$00000002          0x0800018e   Section        0  __rtentry2.o(.ARM.Collect$$rtentry$$00000002)
    .ARM.Collect$$rtentry$$00000004          0x0800018e   Section        6  __rtentry4.o(.ARM.Collect$$rtentry$$00000004)
    .ARM.Collect$$rtentry$$00000009          0x08000194   Section        0  __rtentry2.o(.ARM.Collect$$rtentry$$00000009)
    .ARM.Collect$$rtentry$$0000000A          0x08000194   Section        4  __rtentry2.o(.ARM.Collect$$rtentry$$0000000A)
    .ARM.Collect$$rtentry$$0000000C          0x08000198   Section        0  __rtentry2.o(.ARM.Collect$$rtentry$$0000000C)
    .ARM.Collect$$rtentry$$0000000D          0x08000198   Section        8  __rtentry2.o(.ARM.Collect$$rtentry$$0000000D)
    .ARM.Collect$$rtexit$$00000000           0x080001a0   Section        2  rtexit.o(.ARM.Collect$$rtexit$$00000000)
    .ARM.Collect$$rtexit$$00000002           0x080001a2   Section        0  rtexit2.o(.ARM.Collect$$rtexit$$00000002)
    .ARM.Collect$$rtexit$$00000003           0x080001a2   Section        4  rtexit2.o(.ARM.Collect$$rtexit$$00000003)
    .ARM.Collect$$rtexit$$00000004           0x080001a6   Section        6  rtexit2.o(.ARM.Collect$$rtexit$$00000004)
    .emb_text                                0x080001ac   Section        0  maybetermalloc1.o(.emb_text)
    .text                                    0x080001ac   Section        0  main.o(.text)
    .text                                    0x08000394   Section        0  stm32f10x_it.o(.text)
    .text                                    0x08000428   Section        0  misc.o(.text)
    .text                                    0x08000504   Section        0  stm32f10x_gpio.o(.text)
    .text                                    0x08000860   Section        0  stm32f10x_rcc.o(.text)
    .text                                    0x08000c04   Section        0  stm32f10x_usart.o(.text)
    .text                                    0x0800100c   Section        0  stm32f10x_spi.o(.text)
    .text                                    0x08001318   Section        0  23lc1024.o(.text)
    .text                                    0x08001524   Section        0  setup.o(.text)
    .text                                    0x08001688   Section        0  system_stm32f10x.o(.text)
    SetSysClockTo72                          0x08001689   Thumb Code   214  system_stm32f10x.o(.text)
    SetSysClock                              0x0800175f   Thumb Code     8  system_stm32f10x.o(.text)
    .text                                    0x08001868   Section       64  startup_stm32f10x_md.o(.text)
    .text                                    0x080018a8   Section        0  retarget_io.o(.text)
    stdin_getchar                            0x080018a9   Thumb Code     8  retarget_io.o(.text)
    stdout_putchar                           0x080018b1   Thumb Code     4  retarget_io.o(.text)
    .text                                    0x08001a4c   Section        0  noretval__2printf.o(.text)
    .text                                    0x08001a64   Section        0  __printf.o(.text)
    .text                                    0x08001acc   Section        0  _printf_dec.o(.text)
    .text                                    0x08001b44   Section        0  _printf_hex_int.o(.text)
    .text                                    0x08001b9c   Section      128  strcmpv7m.o(.text)
    .text                                    0x08001c1c   Section        0  heapauxi.o(.text)
    .text                                    0x08001c22   Section        0  _printf_intcommon.o(.text)
    .text                                    0x08001cd4   Section        0  _printf_char_file.o(.text)
    .text                                    0x08001cf8   Section        0  _printf_char_common.o(.text)
    _printf_input_char                       0x08001cf9   Thumb Code    10  _printf_char_common.o(.text)
    .text                                    0x08001d28   Section        0  ferror.o(.text)
    .text                                    0x08001d30   Section        0  initio.o(.text)
    .text                                    0x08001e68   Section       74  sys_stackheap_outer.o(.text)
    .text                                    0x08001eb2   Section        0  h1_free.o(.text)
    .text                                    0x08001f00   Section        0  setvbuf.o(.text)
    .text                                    0x08001f48   Section        0  fopen.o(.text)
    _freopen_locked                          0x08001f49   Thumb Code     0  fopen.o(.text)
    .text                                    0x08002034   Section        0  fclose.o(.text)
    .text                                    0x08002080   Section        0  exit.o(.text)
    .text                                    0x08002092   Section        0  defsig_rtred_outer.o(.text)
    .text                                    0x080020a0   Section       78  rt_memclr_w.o(.text)
    .text                                    0x080020f0   Section        8  libspace.o(.text)
    .text                                    0x080020f8   Section        8  rt_heap_descriptor_intlibspace.o(.text)
    .text                                    0x08002100   Section        0  hguard.o(.text)
    .text                                    0x08002104   Section        0  init_alloc.o(.text)
    .text                                    0x0800218e   Section        0  h1_alloc.o(.text)
    .text                                    0x080021ec   Section        0  fseek.o(.text)
    .text                                    0x080022e4   Section        0  stdio.o(.text)
    .text                                    0x080023d4   Section        0  defsig_exit.o(.text)
    .text                                    0x080023e0   Section        0  defsig_rtred_inner.o(.text)
    .text                                    0x08002414   Section        0  sys_exit.o(.text)
    .text                                    0x08002420   Section        0  h1_init.o(.text)
    .text                                    0x0800242e   Section        0  h1_extend.o(.text)
    .text                                    0x08002462   Section        0  ftell.o(.text)
    .text                                    0x080024a4   Section        0  defsig_general.o(.text)
    .text                                    0x080024d6   Section        0  defsig_rtmem_outer.o(.text)
    .text                                    0x080024e4   Section        2  use_no_semi.o(.text)
    .text                                    0x080024e6   Section        0  indicate_semi.o(.text)
    .text                                    0x080024e8   Section        8  rt_errno_addr_intlibspace.o(.text)
    .text                                    0x080024f0   Section        0  defsig_rtmem_inner.o(.text)
    .constdata                               0x08002540   Section       23  retarget_io.o(.constdata)
    .constdata                               0x08002557   Section       40  _printf_hex_int.o(.constdata)
    uc_hextab                                0x08002557   Data          20  _printf_hex_int.o(.constdata)
    lc_hextab                                0x0800256b   Data          20  _printf_hex_int.o(.constdata)
    .data                                    0x20000000   Section       20  stm32f10x_rcc.o(.data)
    APBAHBPrescTable                         0x20000000   Data          16  stm32f10x_rcc.o(.data)
    ADCPrescTable                            0x20000010   Data           4  stm32f10x_rcc.o(.data)
    .data                                    0x20000014   Section        8  setup.o(.data)
    .data                                    0x2000001c   Section       20  system_stm32f10x.o(.data)
    .data                                    0x20000030   Section        4  stdio_streams.o(.data)
    .data                                    0x20000034   Section        4  stdio_streams.o(.data)
    .data                                    0x20000038   Section        4  stdio_streams.o(.data)
    .bss                                     0x2000003c   Section       34  setup.o(.bss)
    .bss                                     0x20000060   Section       84  stdio_streams.o(.bss)
    .bss                                     0x200000b4   Section       84  stdio_streams.o(.bss)
    .bss                                     0x20000108   Section       84  stdio_streams.o(.bss)
    .bss                                     0x2000015c   Section       96  libspace.o(.bss)
    HEAP                                     0x200001c0   Section      512  startup_stm32f10x_md.o(HEAP)
    Heap_Mem                                 0x200001c0   Data         512  startup_stm32f10x_md.o(HEAP)
    STACK                                    0x200003c0   Section     1024  startup_stm32f10x_md.o(STACK)
    Stack_Mem                                0x200003c0   Data        1024  startup_stm32f10x_md.o(STACK)
    __initial_sp                             0x200007c0   Data           0  startup_stm32f10x_md.o(STACK)

    Global Symbols

    Symbol Name                              Value     Ov Type        Size  Object(Section)

    BuildAttributes$$THM_ISAv4$P$D$K$B$S$PE$A:L22UL41UL21$X:L11$S22US41US21$IEEE1$IW$USESV6$~STKCKD$USESV7$~SHL$OTIME$ROPI$EBA8$UX$STANDARDLIB$REQ8$PRES8$EABIv2 0x00000000   Number         0  anon$$obj.o ABSOLUTE
    __ARM_use_no_argv                        0x00000000   Number         0  main.o ABSOLUTE
    __ARM_exceptions_init                     - Undefined Weak Reference
    __alloca_initialize                       - Undefined Weak Reference
    __arm_preinit_                            - Undefined Weak Reference
    __cpp_initialize__aeabi_                  - Undefined Weak Reference
    __cxa_finalize                            - Undefined Weak Reference
    __rt_locale                               - Undefined Weak Reference
    __sigvec_lookup                           - Undefined Weak Reference
    __user_heap_extent                        - Undefined Weak Reference
    _atexit_init                              - Undefined Weak Reference
    _call_atexit_fns                          - Undefined Weak Reference
    _clock_init                               - Undefined Weak Reference
    _fp_trap_init                             - Undefined Weak Reference
    _fp_trap_shutdown                         - Undefined Weak Reference
    _get_lc_collate                           - Undefined Weak Reference
    _get_lc_ctype                             - Undefined Weak Reference
    _get_lc_monetary                          - Undefined Weak Reference
    _get_lc_numeric                           - Undefined Weak Reference
    _get_lc_time                              - Undefined Weak Reference
    _getenv_init                              - Undefined Weak Reference
    _handle_redirection                       - Undefined Weak Reference
    _mutex_acquire                            - Undefined Weak Reference
    _mutex_free                               - Undefined Weak Reference
    _mutex_release                            - Undefined Weak Reference
    _printf_post_padding                      - Undefined Weak Reference
    _printf_pre_padding                       - Undefined Weak Reference
    _printf_truncate_signed                   - Undefined Weak Reference
    _printf_truncate_unsigned                 - Undefined Weak Reference
    _rand_init                                - Undefined Weak Reference
    _signal_finish                            - Undefined Weak Reference
    _signal_init                              - Undefined Weak Reference
    __Vectors_Size                           0x000000ec   Number         0  startup_stm32f10x_md.o ABSOLUTE
    __Vectors                                0x08000000   Data           4  startup_stm32f10x_md.o(RESET)
    __Vectors_End                            0x080000ec   Data           0  startup_stm32f10x_md.o(RESET)
    __main                                   0x080000ed   Thumb Code     8  __main.o(!!!main)
    __scatterload                            0x080000f5   Thumb Code     0  __scatter.o(!!!scatter)
    __scatterload_rt2                        0x080000f5   Thumb Code    44  __scatter.o(!!!scatter)
    __scatterload_rt2_thumb_only             0x080000f5   Thumb Code     0  __scatter.o(!!!scatter)
    __scatterload_null                       0x08000103   Thumb Code     0  __scatter.o(!!!scatter)
    __scatterload_copy                       0x08000129   Thumb Code    26  __scatter_copy.o(!!handler_copy)
    __scatterload_zeroinit                   0x08000145   Thumb Code    28  __scatter_zi.o(!!handler_zi)
    _printf_d                                0x08000161   Thumb Code     0  _printf_d.o(.ARM.Collect$$_printf_percent$$00000009)
    _printf_percent                          0x08000161   Thumb Code     0  _printf_percent.o(.ARM.Collect$$_printf_percent$$00000000)
    _printf_u                                0x08000167   Thumb Code     0  _printf_u.o(.ARM.Collect$$_printf_percent$$0000000A)
    _printf_x                                0x0800016d   Thumb Code     0  _printf_x.o(.ARM.Collect$$_printf_percent$$0000000C)
    _printf_percent_end                      0x08000173   Thumb Code     0  _printf_percent_end.o(.ARM.Collect$$_printf_percent$$00000017)
    __rt_lib_init                            0x08000177   Thumb Code     0  libinit.o(.ARM.Collect$$libinit$$00000000)
    __rt_lib_init_fp_1                       0x08000179   Thumb Code     0  libinit2.o(.ARM.Collect$$libinit$$00000002)
    __rt_lib_init_heap_2                     0x08000179   Thumb Code     0  libinit2.o(.ARM.Collect$$libinit$$00000005)
    __rt_lib_init_preinit_1                  0x08000179   Thumb Code     0  libinit2.o(.ARM.Collect$$libinit$$00000004)
    __rt_lib_init_atexit_1                   0x08000181   Thumb Code     0  libinit2.o(.ARM.Collect$$libinit$$0000001B)
    __rt_lib_init_clock_1                    0x08000181   Thumb Code     0  libinit2.o(.ARM.Collect$$libinit$$00000021)
    __rt_lib_init_fp_trap_1                  0x08000181   Thumb Code     0  libinit2.o(.ARM.Collect$$libinit$$0000001F)
    __rt_lib_init_getenv_1                   0x08000181   Thumb Code     0  libinit2.o(.ARM.Collect$$libinit$$00000023)
    __rt_lib_init_heap_1                     0x08000181   Thumb Code     0  libinit2.o(.ARM.Collect$$libinit$$0000000A)
    __rt_lib_init_lc_collate_1               0x08000181   Thumb Code     0  libinit2.o(.ARM.Collect$$libinit$$00000011)
    __rt_lib_init_lc_ctype_1                 0x08000181   Thumb Code     0  libinit2.o(.ARM.Collect$$libinit$$00000013)
    __rt_lib_init_lc_monetary_1              0x08000181   Thumb Code     0  libinit2.o(.ARM.Collect$$libinit$$00000015)
    __rt_lib_init_lc_numeric_1               0x08000181   Thumb Code     0  libinit2.o(.ARM.Collect$$libinit$$00000017)
    __rt_lib_init_lc_time_1                  0x08000181   Thumb Code     0  libinit2.o(.ARM.Collect$$libinit$$00000019)
    __rt_lib_init_rand_1                     0x08000181   Thumb Code     0  libinit2.o(.ARM.Collect$$libinit$$0000000E)
    __rt_lib_init_signal_1                   0x08000181   Thumb Code     0  libinit2.o(.ARM.Collect$$libinit$$0000001D)
    __rt_lib_init_stdio_2                    0x08000181   Thumb Code     0  libinit2.o(.ARM.Collect$$libinit$$00000024)
    __rt_lib_init_user_alloc_1               0x08000181   Thumb Code     0  libinit2.o(.ARM.Collect$$libinit$$0000000C)
    __rt_lib_init_alloca_1                   0x08000185   Thumb Code     0  libinit2.o(.ARM.Collect$$libinit$$0000002E)
    __rt_lib_init_argv_1                     0x08000185   Thumb Code     0  libinit2.o(.ARM.Collect$$libinit$$0000002C)
    __rt_lib_init_cpp_1                      0x08000185   Thumb Code     0  libinit2.o(.ARM.Collect$$libinit$$00000032)
    __rt_lib_init_exceptions_1               0x08000185   Thumb Code     0  libinit2.o(.ARM.Collect$$libinit$$00000030)
    __rt_lib_init_return                     0x08000185   Thumb Code     0  libinit2.o(.ARM.Collect$$libinit$$00000033)
    __rt_lib_init_stdio_1                    0x08000185   Thumb Code     0  libinit2.o(.ARM.Collect$$libinit$$00000025)
    __rt_lib_shutdown                        0x08000187   Thumb Code     0  libshutdown.o(.ARM.Collect$$libshutdown$$00000000)
    __rt_lib_shutdown_cpp_1                  0x08000189   Thumb Code     0  libshutdown2.o(.ARM.Collect$$libshutdown$$00000002)
    __rt_lib_shutdown_stdio_2                0x08000189   Thumb Code     0  libshutdown2.o(.ARM.Collect$$libshutdown$$00000003)
    __rt_lib_shutdown_fp_trap_1              0x0800018d   Thumb Code     0  libshutdown2.o(.ARM.Collect$$libshutdown$$00000007)
    __rt_lib_shutdown_heap_1                 0x0800018d   Thumb Code     0  libshutdown2.o(.ARM.Collect$$libshutdown$$0000000F)
    __rt_lib_shutdown_return                 0x0800018d   Thumb Code     0  libshutdown2.o(.ARM.Collect$$libshutdown$$00000010)
    __rt_lib_shutdown_signal_1               0x0800018d   Thumb Code     0  libshutdown2.o(.ARM.Collect$$libshutdown$$0000000A)
    __rt_lib_shutdown_stdio_1                0x0800018d   Thumb Code     0  libshutdown2.o(.ARM.Collect$$libshutdown$$00000004)
    __rt_lib_shutdown_user_alloc_1           0x0800018d   Thumb Code     0  libshutdown2.o(.ARM.Collect$$libshutdown$$0000000C)
    __rt_entry                               0x0800018f   Thumb Code     0  __rtentry.o(.ARM.Collect$$rtentry$$00000000)
    __rt_entry_presh_1                       0x0800018f   Thumb Code     0  __rtentry2.o(.ARM.Collect$$rtentry$$00000002)
    __rt_entry_sh                            0x0800018f   Thumb Code     0  __rtentry4.o(.ARM.Collect$$rtentry$$00000004)
    __rt_entry_li                            0x08000195   Thumb Code     0  __rtentry2.o(.ARM.Collect$$rtentry$$0000000A)
    __rt_entry_postsh_1                      0x08000195   Thumb Code     0  __rtentry2.o(.ARM.Collect$$rtentry$$00000009)
    __rt_entry_main                          0x08000199   Thumb Code     0  __rtentry2.o(.ARM.Collect$$rtentry$$0000000D)
    __rt_entry_postli_1                      0x08000199   Thumb Code     0  __rtentry2.o(.ARM.Collect$$rtentry$$0000000C)
    __rt_exit                                0x080001a1   Thumb Code     0  rtexit.o(.ARM.Collect$$rtexit$$00000000)
    __rt_exit_ls                             0x080001a3   Thumb Code     0  rtexit2.o(.ARM.Collect$$rtexit$$00000003)
    __rt_exit_prels_1                        0x080001a3   Thumb Code     0  rtexit2.o(.ARM.Collect$$rtexit$$00000002)
    __rt_exit_exit                           0x080001a7   Thumb Code     0  rtexit2.o(.ARM.Collect$$rtexit$$00000004)
    _maybe_terminate_alloc                   0x080001ad   Thumb Code     0  maybetermalloc1.o(.emb_text)
    fputc                                    0x080001ad   Thumb Code    32  main.o(.text)
    main                                     0x080001cd   Thumb Code   120  main.o(.text)
    dumpsRam                                 0x08000245   Thumb Code   122  main.o(.text)
    dumpsRam2                                0x080002bf   Thumb Code    82  main.o(.text)
    NMI_Handler                              0x08000395   Thumb Code     2  stm32f10x_it.o(.text)
    HardFault_Handler                        0x08000397   Thumb Code     4  stm32f10x_it.o(.text)
    MemManage_Handler                        0x0800039b   Thumb Code     4  stm32f10x_it.o(.text)
    BusFault_Handler                         0x0800039f   Thumb Code     4  stm32f10x_it.o(.text)
    UsageFault_Handler                       0x080003a3   Thumb Code     4  stm32f10x_it.o(.text)
    DebugMon_Handler                         0x080003a7   Thumb Code     2  stm32f10x_it.o(.text)
    SVC_Handler                              0x080003a9   Thumb Code     2  stm32f10x_it.o(.text)
    PendSV_Handler                           0x080003ab   Thumb Code     2  stm32f10x_it.o(.text)
    SysTick_Handler                          0x080003ad   Thumb Code     2  stm32f10x_it.o(.text)
    WWDG_IRQHandler                          0x080003af   Thumb Code     2  stm32f10x_it.o(.text)
    PVD_IRQHandler                           0x080003b1   Thumb Code     2  stm32f10x_it.o(.text)
    TAMPER_IRQHandler                        0x080003b3   Thumb Code     2  stm32f10x_it.o(.text)
    RTC_IRQHandler                           0x080003b5   Thumb Code     2  stm32f10x_it.o(.text)
    FLASH_IRQHandler                         0x080003b7   Thumb Code     2  stm32f10x_it.o(.text)
    RCC_IRQHandler                           0x080003b9   Thumb Code     2  stm32f10x_it.o(.text)
    EXTI0_IRQHandler                         0x080003bb   Thumb Code     2  stm32f10x_it.o(.text)
    EXTI1_IRQHandler                         0x080003bd   Thumb Code     2  stm32f10x_it.o(.text)
    EXTI2_IRQHandler                         0x080003bf   Thumb Code     2  stm32f10x_it.o(.text)
    EXTI3_IRQHandler                         0x080003c1   Thumb Code     2  stm32f10x_it.o(.text)
    EXTI4_IRQHandler                         0x080003c3   Thumb Code     2  stm32f10x_it.o(.text)
    DMA1_Channel1_IRQHandler                 0x080003c5   Thumb Code     2  stm32f10x_it.o(.text)
    DMA1_Channel2_IRQHandler                 0x080003c7   Thumb Code     2  stm32f10x_it.o(.text)
    DMA1_Channel3_IRQHandler                 0x080003c9   Thumb Code     2  stm32f10x_it.o(.text)
    DMA1_Channel4_IRQHandler                 0x080003cb   Thumb Code     2  stm32f10x_it.o(.text)
    DMA1_Channel5_IRQHandler                 0x080003cd   Thumb Code     2  stm32f10x_it.o(.text)
    DMA1_Channel6_IRQHandler                 0x080003cf   Thumb Code     2  stm32f10x_it.o(.text)
    DMA1_Channel7_IRQHandler                 0x080003d1   Thumb Code     2  stm32f10x_it.o(.text)
    ADC1_2_IRQHandler                        0x080003d3   Thumb Code     2  stm32f10x_it.o(.text)
    USB_HP_CAN_TX_IRQHandler                 0x080003d5   Thumb Code     2  stm32f10x_it.o(.text)
    USB_LP_CAN_RX0_IRQHandler                0x080003d7   Thumb Code     2  stm32f10x_it.o(.text)
    CAN_RX1_IRQHandler                       0x080003d9   Thumb Code     2  stm32f10x_it.o(.text)
    CAN_SCE_IRQHandler                       0x080003db   Thumb Code     2  stm32f10x_it.o(.text)
    EXTI9_5_IRQHandler                       0x080003dd   Thumb Code     2  stm32f10x_it.o(.text)
    TIM1_BRK_IRQHandler                      0x080003df   Thumb Code     2  stm32f10x_it.o(.text)
    TIM1_UP_IRQHandler                       0x080003e1   Thumb Code     2  stm32f10x_it.o(.text)
    TIM1_TRG_COM_IRQHandler                  0x080003e3   Thumb Code     2  stm32f10x_it.o(.text)
    TIM1_CC_IRQHandler                       0x080003e5   Thumb Code     2  stm32f10x_it.o(.text)
    TIM2_IRQHandler                          0x080003e7   Thumb Code     2  stm32f10x_it.o(.text)
    TIM3_IRQHandler                          0x080003e9   Thumb Code     2  stm32f10x_it.o(.text)
    TIM4_IRQHandler                          0x080003eb   Thumb Code     2  stm32f10x_it.o(.text)
    I2C1_EV_IRQHandler                       0x080003ed   Thumb Code     2  stm32f10x_it.o(.text)
    I2C1_ER_IRQHandler                       0x080003ef   Thumb Code     2  stm32f10x_it.o(.text)
    I2C2_EV_IRQHandler                       0x080003f1   Thumb Code     2  stm32f10x_it.o(.text)
    I2C2_ER_IRQHandler                       0x080003f3   Thumb Code     2  stm32f10x_it.o(.text)
    SPI1_IRQHandler                          0x080003f5   Thumb Code     2  stm32f10x_it.o(.text)
    SPI2_IRQHandler                          0x080003f7   Thumb Code     2  stm32f10x_it.o(.text)
    USART1_IRQHandler                        0x080003f9   Thumb Code     2  stm32f10x_it.o(.text)
    USART2_IRQHandler                        0x080003fb   Thumb Code     2  stm32f10x_it.o(.text)
    USART3_IRQHandler                        0x080003fd   Thumb Code     2  stm32f10x_it.o(.text)
    EXTI15_10_IRQHandler                     0x080003ff   Thumb Code     2  stm32f10x_it.o(.text)
    RTCAlarm_IRQHandler                      0x08000401   Thumb Code     2  stm32f10x_it.o(.text)
    USBWakeUp_IRQHandler                     0x08000403   Thumb Code     2  stm32f10x_it.o(.text)
    TIM8_BRK_IRQHandler                      0x08000405   Thumb Code     2  stm32f10x_it.o(.text)
    TIM8_UP_IRQHandler                       0x08000407   Thumb Code     2  stm32f10x_it.o(.text)
    TIM8_TRG_COM_IRQHandler                  0x08000409   Thumb Code     2  stm32f10x_it.o(.text)
    TIM8_CC_IRQHandler                       0x0800040b   Thumb Code     2  stm32f10x_it.o(.text)
    ADC3_IRQHandler                          0x0800040d   Thumb Code     2  stm32f10x_it.o(.text)
    FSMC_IRQHandler                          0x0800040f   Thumb Code     2  stm32f10x_it.o(.text)
    SDIO_IRQHandler                          0x08000411   Thumb Code     2  stm32f10x_it.o(.text)
    TIM5_IRQHandler                          0x08000413   Thumb Code     2  stm32f10x_it.o(.text)
    SPI3_IRQHandler                          0x08000415   Thumb Code     2  stm32f10x_it.o(.text)
    UART4_IRQHandler                         0x08000417   Thumb Code     2  stm32f10x_it.o(.text)
    UART5_IRQHandler                         0x08000419   Thumb Code     2  stm32f10x_it.o(.text)
    TIM6_IRQHandler                          0x0800041b   Thumb Code     2  stm32f10x_it.o(.text)
    TIM7_IRQHandler                          0x0800041d   Thumb Code     2  stm32f10x_it.o(.text)
    DMA2_Channel1_IRQHandler                 0x0800041f   Thumb Code     2  stm32f10x_it.o(.text)
    DMA2_Channel2_IRQHandler                 0x08000421   Thumb Code     2  stm32f10x_it.o(.text)
    DMA2_Channel3_IRQHandler                 0x08000423   Thumb Code     2  stm32f10x_it.o(.text)
    DMA2_Channel4_5_IRQHandler               0x08000425   Thumb Code     2  stm32f10x_it.o(.text)
    NVIC_PriorityGroupConfig                 0x08000429   Thumb Code    10  misc.o(.text)
    NVIC_Init                                0x08000433   Thumb Code   100  misc.o(.text)
    NVIC_SetVectorTable                      0x08000497   Thumb Code    14  misc.o(.text)
    NVIC_SystemLPConfig                      0x080004a5   Thumb Code    34  misc.o(.text)
    SysTick_CLKSourceConfig                  0x080004c7   Thumb Code    40  misc.o(.text)
    GPIO_DeInit                              0x08000505   Thumb Code   172  stm32f10x_gpio.o(.text)
    GPIO_AFIODeInit                          0x080005b1   Thumb Code    20  stm32f10x_gpio.o(.text)
    GPIO_Init                                0x080005c5   Thumb Code   278  stm32f10x_gpio.o(.text)
    GPIO_StructInit                          0x080006db   Thumb Code    16  stm32f10x_gpio.o(.text)
    GPIO_ReadInputDataBit                    0x080006eb   Thumb Code    18  stm32f10x_gpio.o(.text)
    GPIO_ReadInputData                       0x080006fd   Thumb Code     8  stm32f10x_gpio.o(.text)
    GPIO_ReadOutputDataBit                   0x08000705   Thumb Code    18  stm32f10x_gpio.o(.text)
    GPIO_ReadOutputData                      0x08000717   Thumb Code     8  stm32f10x_gpio.o(.text)
    GPIO_SetBits                             0x0800071f   Thumb Code     4  stm32f10x_gpio.o(.text)
    GPIO_ResetBits                           0x08000723   Thumb Code     4  stm32f10x_gpio.o(.text)
    GPIO_WriteBit                            0x08000727   Thumb Code    10  stm32f10x_gpio.o(.text)
    GPIO_Write                               0x08000731   Thumb Code     4  stm32f10x_gpio.o(.text)
    GPIO_PinLockConfig                       0x08000735   Thumb Code    18  stm32f10x_gpio.o(.text)
    GPIO_EventOutputConfig                   0x08000747   Thumb Code    26  stm32f10x_gpio.o(.text)
    GPIO_EventOutputCmd                      0x08000761   Thumb Code     6  stm32f10x_gpio.o(.text)
    GPIO_PinRemapConfig                      0x08000767   Thumb Code   138  stm32f10x_gpio.o(.text)
    GPIO_EXTILineConfig                      0x080007f1   Thumb Code    66  stm32f10x_gpio.o(.text)
    GPIO_ETH_MediaInterfaceConfig            0x08000833   Thumb Code     8  stm32f10x_gpio.o(.text)
    RCC_DeInit                               0x08000861   Thumb Code    64  stm32f10x_rcc.o(.text)
    RCC_HSEConfig                            0x080008a1   Thumb Code    70  stm32f10x_rcc.o(.text)
    RCC_GetFlagStatus                        0x080008e7   Thumb Code    56  stm32f10x_rcc.o(.text)
    RCC_WaitForHSEStartUp                    0x0800091f   Thumb Code    56  stm32f10x_rcc.o(.text)
    RCC_AdjustHSICalibrationValue            0x08000957   Thumb Code    20  stm32f10x_rcc.o(.text)
    RCC_HSICmd                               0x0800096b   Thumb Code     6  stm32f10x_rcc.o(.text)
    RCC_PLLConfig                            0x08000971   Thumb Code    24  stm32f10x_rcc.o(.text)
    RCC_PLLCmd                               0x08000989   Thumb Code     6  stm32f10x_rcc.o(.text)
    RCC_SYSCLKConfig                         0x0800098f   Thumb Code    18  stm32f10x_rcc.o(.text)
    RCC_GetSYSCLKSource                      0x080009a1   Thumb Code    10  stm32f10x_rcc.o(.text)
    RCC_HCLKConfig                           0x080009ab   Thumb Code    18  stm32f10x_rcc.o(.text)
    RCC_PCLK1Config                          0x080009bd   Thumb Code    18  stm32f10x_rcc.o(.text)
    RCC_PCLK2Config                          0x080009cf   Thumb Code    20  stm32f10x_rcc.o(.text)
    RCC_ITConfig                             0x080009e3   Thumb Code    26  stm32f10x_rcc.o(.text)
    RCC_USBCLKConfig                         0x080009fd   Thumb Code     8  stm32f10x_rcc.o(.text)
    RCC_ADCCLKConfig                         0x08000a05   Thumb Code    18  stm32f10x_rcc.o(.text)
    RCC_LSEConfig                            0x08000a17   Thumb Code    50  stm32f10x_rcc.o(.text)
    RCC_LSICmd                               0x08000a49   Thumb Code     6  stm32f10x_rcc.o(.text)
    RCC_RTCCLKConfig                         0x08000a4f   Thumb Code    12  stm32f10x_rcc.o(.text)
    RCC_RTCCLKCmd                            0x08000a5b   Thumb Code     8  stm32f10x_rcc.o(.text)
    RCC_GetClocksFreq                        0x08000a63   Thumb Code   192  stm32f10x_rcc.o(.text)
    RCC_AHBPeriphClockCmd                    0x08000b23   Thumb Code    26  stm32f10x_rcc.o(.text)
    RCC_APB2PeriphClockCmd                   0x08000b3d   Thumb Code    26  stm32f10x_rcc.o(.text)
    RCC_APB1PeriphClockCmd                   0x08000b57   Thumb Code    26  stm32f10x_rcc.o(.text)
    RCC_APB2PeriphResetCmd                   0x08000b71   Thumb Code    26  stm32f10x_rcc.o(.text)
    RCC_APB1PeriphResetCmd                   0x08000b8b   Thumb Code    26  stm32f10x_rcc.o(.text)
    RCC_BackupResetCmd                       0x08000ba5   Thumb Code     8  stm32f10x_rcc.o(.text)
    RCC_ClockSecuritySystemCmd               0x08000bad   Thumb Code     6  stm32f10x_rcc.o(.text)
    RCC_MCOConfig                            0x08000bb3   Thumb Code     6  stm32f10x_rcc.o(.text)
    RCC_ClearFlag                            0x08000bb9   Thumb Code    14  stm32f10x_rcc.o(.text)
    RCC_GetITStatus                          0x08000bc7   Thumb Code    20  stm32f10x_rcc.o(.text)
    RCC_ClearITPendingBit                    0x08000bdb   Thumb Code     6  stm32f10x_rcc.o(.text)
    USART_DeInit                             0x08000c05   Thumb Code   134  stm32f10x_usart.o(.text)
    USART_Init                               0x08000c8b   Thumb Code   210  stm32f10x_usart.o(.text)
    USART_StructInit                         0x08000d5d   Thumb Code    24  stm32f10x_usart.o(.text)
    USART_ClockInit                          0x08000d75   Thumb Code    34  stm32f10x_usart.o(.text)
    USART_ClockStructInit                    0x08000d97   Thumb Code    12  stm32f10x_usart.o(.text)
    USART_Cmd                                0x08000da3   Thumb Code    24  stm32f10x_usart.o(.text)
    USART_ITConfig                           0x08000dbb   Thumb Code    74  stm32f10x_usart.o(.text)
    USART_DMACmd                             0x08000e05   Thumb Code    18  stm32f10x_usart.o(.text)
    USART_SetAddress                         0x08000e17   Thumb Code    18  stm32f10x_usart.o(.text)
    USART_WakeUpConfig                       0x08000e29   Thumb Code    18  stm32f10x_usart.o(.text)
    USART_ReceiverWakeUpCmd                  0x08000e3b   Thumb Code    24  stm32f10x_usart.o(.text)
    USART_LINBreakDetectLengthConfig         0x08000e53   Thumb Code    18  stm32f10x_usart.o(.text)
    USART_LINCmd                             0x08000e65   Thumb Code    24  stm32f10x_usart.o(.text)
    USART_SendData                           0x08000e7d   Thumb Code     8  stm32f10x_usart.o(.text)
    USART_ReceiveData                        0x08000e85   Thumb Code    10  stm32f10x_usart.o(.text)
    USART_SendBreak                          0x08000e8f   Thumb Code    10  stm32f10x_usart.o(.text)
    USART_SetGuardTime                       0x08000e99   Thumb Code    16  stm32f10x_usart.o(.text)
    USART_SetPrescaler                       0x08000ea9   Thumb Code    16  stm32f10x_usart.o(.text)
    USART_SmartCardCmd                       0x08000eb9   Thumb Code    24  stm32f10x_usart.o(.text)
    USART_SmartCardNACKCmd                   0x08000ed1   Thumb Code    24  stm32f10x_usart.o(.text)
    USART_HalfDuplexCmd                      0x08000ee9   Thumb Code    24  stm32f10x_usart.o(.text)
    USART_OverSampling8Cmd                   0x08000f01   Thumb Code    22  stm32f10x_usart.o(.text)
    USART_OneBitMethodCmd                    0x08000f17   Thumb Code    24  stm32f10x_usart.o(.text)
    USART_IrDAConfig                         0x08000f2f   Thumb Code    18  stm32f10x_usart.o(.text)
    USART_IrDACmd                            0x08000f41   Thumb Code    24  stm32f10x_usart.o(.text)
    USART_GetFlagStatus                      0x08000f59   Thumb Code    26  stm32f10x_usart.o(.text)
    USART_ClearFlag                          0x08000f73   Thumb Code    18  stm32f10x_usart.o(.text)
    USART_GetITStatus                        0x08000f85   Thumb Code    84  stm32f10x_usart.o(.text)
    USART_ClearITPendingBit                  0x08000fd9   Thumb Code    52  stm32f10x_usart.o(.text)
    SPI_I2S_DeInit                           0x0800100d   Thumb Code    76  stm32f10x_spi.o(.text)
    SPI_Init                                 0x08001059   Thumb Code    60  stm32f10x_spi.o(.text)
    I2S_Init                                 0x08001095   Thumb Code   226  stm32f10x_spi.o(.text)
    SPI_StructInit                           0x08001177   Thumb Code    24  stm32f10x_spi.o(.text)
    I2S_StructInit                           0x0800118f   Thumb Code    20  stm32f10x_spi.o(.text)
    SPI_Cmd                                  0x080011a3   Thumb Code    24  stm32f10x_spi.o(.text)
    I2S_Cmd                                  0x080011bb   Thumb Code    24  stm32f10x_spi.o(.text)
    SPI_I2S_ITConfig                         0x080011d3   Thumb Code    32  stm32f10x_spi.o(.text)
    SPI_I2S_DMACmd                           0x080011f3   Thumb Code    18  stm32f10x_spi.o(.text)
    SPI_I2S_SendData                         0x08001205   Thumb Code     4  stm32f10x_spi.o(.text)
    SPI_I2S_ReceiveData                      0x08001209   Thumb Code     6  stm32f10x_spi.o(.text)
    SPI_NSSInternalSoftwareConfig            0x0800120f   Thumb Code    30  stm32f10x_spi.o(.text)
    SPI_SSOutputCmd                          0x0800122d   Thumb Code    24  stm32f10x_spi.o(.text)
    SPI_DataSizeConfig                       0x08001245   Thumb Code    18  stm32f10x_spi.o(.text)
    SPI_TransmitCRC                          0x08001257   Thumb Code    10  stm32f10x_spi.o(.text)
    SPI_CalculateCRC                         0x08001261   Thumb Code    24  stm32f10x_spi.o(.text)
    SPI_GetCRC                               0x08001279   Thumb Code    16  stm32f10x_spi.o(.text)
    SPI_GetCRCPolynomial                     0x08001289   Thumb Code     6  stm32f10x_spi.o(.text)
    SPI_BiDirectionalLineConfig              0x0800128f   Thumb Code    28  stm32f10x_spi.o(.text)
    SPI_I2S_GetFlagStatus                    0x080012ab   Thumb Code    18  stm32f10x_spi.o(.text)
    SPI_I2S_ClearFlag                        0x080012bd   Thumb Code     6  stm32f10x_spi.o(.text)
    SPI_I2S_GetITStatus                      0x080012c3   Thumb Code    52  stm32f10x_spi.o(.text)
    SPI_I2S_ClearITPendingBit                0x080012f7   Thumb Code    20  stm32f10x_spi.o(.text)
    changeSS                                 0x08001319   Thumb Code    16  23lc1024.o(.text)
    setAddressMode                           0x08001329   Thumb Code   100  23lc1024.o(.text)
    readBuffer                               0x0800138d   Thumb Code    76  23lc1024.o(.text)
    readByte                                 0x080013d9   Thumb Code    24  23lc1024.o(.text)
    writeBuffer                              0x080013f1   Thumb Code    70  23lc1024.o(.text)
    writeByte                                0x08001437   Thumb Code    18  23lc1024.o(.text)
    fillBytes                                0x08001449   Thumb Code    70  23lc1024.o(.text)
    Spi23LC1024Read8                         0x0800148f   Thumb Code    74  23lc1024.o(.text)
    Spi23LC1024Write8                        0x080014d9   Thumb Code    68  23lc1024.o(.text)
    Delay_ms                                 0x08001525   Thumb Code    26  setup.o(.text)
    Init_USART                               0x0800153f   Thumb Code   136  setup.o(.text)
    Init_GPIO                                0x080015c7   Thumb Code    34  setup.o(.text)
    Init_SPI1_Master                         0x080015e9   Thumb Code   128  setup.o(.text)
    SystemInit                               0x08001767   Thumb Code    78  system_stm32f10x.o(.text)
    SystemCoreClockUpdate                    0x080017b5   Thumb Code   142  system_stm32f10x.o(.text)
    Reset_Handler                            0x08001869   Thumb Code     8  startup_stm32f10x_md.o(.text)
    CAN1_RX1_IRQHandler                      0x08001883   Thumb Code     0  startup_stm32f10x_md.o(.text)
    CAN1_SCE_IRQHandler                      0x08001883   Thumb Code     0  startup_stm32f10x_md.o(.text)
    USB_HP_CAN1_TX_IRQHandler                0x08001883   Thumb Code     0  startup_stm32f10x_md.o(.text)
    USB_LP_CAN1_RX0_IRQHandler               0x08001883   Thumb Code     0  startup_stm32f10x_md.o(.text)
    __user_initial_stackheap                 0x08001885   Thumb Code     0  startup_stm32f10x_md.o(.text)
    _sys_open                                0x080018b5   Thumb Code    80  retarget_io.o(.text)
    _sys_close                               0x08001905   Thumb Code    38  retarget_io.o(.text)
    _sys_write                               0x0800192b   Thumb Code    70  retarget_io.o(.text)
    _sys_read                                0x08001971   Thumb Code    76  retarget_io.o(.text)
    _ttywrch                                 0x080019bd   Thumb Code     4  retarget_io.o(.text)
    _sys_istty                               0x080019c1   Thumb Code    36  retarget_io.o(.text)
    _sys_seek                                0x080019e5   Thumb Code    44  retarget_io.o(.text)
    _sys_flen                                0x08001a11   Thumb Code    36  retarget_io.o(.text)
    __2printf                                0x08001a4d   Thumb Code    20  noretval__2printf.o(.text)
    __printf                                 0x08001a65   Thumb Code   104  __printf.o(.text)
    _printf_int_dec                          0x08001acd   Thumb Code   104  _printf_dec.o(.text)
    _printf_int_hex                          0x08001b45   Thumb Code    84  _printf_hex_int.o(.text)
    _printf_longlong_hex                     0x08001b45   Thumb Code     0  _printf_hex_int.o(.text)
    strcmp                                   0x08001b9d   Thumb Code   128  strcmpv7m.o(.text)
    __use_two_region_memory                  0x08001c1d   Thumb Code     2  heapauxi.o(.text)
    __rt_heap_escrow                         0x08001c1f   Thumb Code     2  heapauxi.o(.text)
    __rt_heap_expand                         0x08001c21   Thumb Code     2  heapauxi.o(.text)
    _printf_int_common                       0x08001c23   Thumb Code   178  _printf_intcommon.o(.text)
    _printf_char_file                        0x08001cd5   Thumb Code    32  _printf_char_file.o(.text)
    _printf_char_common                      0x08001d03   Thumb Code    32  _printf_char_common.o(.text)
    ferror                                   0x08001d29   Thumb Code     8  ferror.o(.text)
    _initio                                  0x08001d31   Thumb Code   210  initio.o(.text)
    _terminateio                             0x08001e03   Thumb Code    56  initio.o(.text)
    __user_setup_stackheap                   0x08001e69   Thumb Code    74  sys_stackheap_outer.o(.text)
    free                                     0x08001eb3   Thumb Code    78  h1_free.o(.text)
    setvbuf                                  0x08001f01   Thumb Code    70  setvbuf.o(.text)
    freopen                                  0x08001f49   Thumb Code   158  fopen.o(.text)
    fopen                                    0x08001fe7   Thumb Code    74  fopen.o(.text)
    _fclose_internal                         0x08002035   Thumb Code    76  fclose.o(.text)
    fclose                                   0x08002035   Thumb Code     0  fclose.o(.text)
    exit                                     0x08002081   Thumb Code    18  exit.o(.text)
    __rt_SIGRTRED                            0x08002093   Thumb Code    14  defsig_rtred_outer.o(.text)
    __aeabi_memclr4                          0x080020a1   Thumb Code     0  rt_memclr_w.o(.text)
    __aeabi_memclr8                          0x080020a1   Thumb Code     0  rt_memclr_w.o(.text)
    __rt_memclr_w                            0x080020a1   Thumb Code    78  rt_memclr_w.o(.text)
    _memset_w                                0x080020a5   Thumb Code     0  rt_memclr_w.o(.text)
    __user_libspace                          0x080020f1   Thumb Code     8  libspace.o(.text)
    __user_perproc_libspace                  0x080020f1   Thumb Code     0  libspace.o(.text)
    __user_perthread_libspace                0x080020f1   Thumb Code     0  libspace.o(.text)
    __rt_heap_descriptor                     0x080020f9   Thumb Code     8  rt_heap_descriptor_intlibspace.o(.text)
    __use_no_heap                            0x08002101   Thumb Code     2  hguard.o(.text)
    __heap$guard                             0x08002103   Thumb Code     2  hguard.o(.text)
    _terminate_user_alloc                    0x08002105   Thumb Code     2  init_alloc.o(.text)
    _init_user_alloc                         0x08002107   Thumb Code     2  init_alloc.o(.text)
    __Heap_Full                              0x08002109   Thumb Code    34  init_alloc.o(.text)
    __Heap_Broken                            0x0800212b   Thumb Code     6  init_alloc.o(.text)
    _init_alloc                              0x08002131   Thumb Code    94  init_alloc.o(.text)
    malloc                                   0x0800218f   Thumb Code    94  h1_alloc.o(.text)
    _fseek                                   0x080021ed   Thumb Code   242  fseek.o(.text)
    fseek                                    0x080021ed   Thumb Code     0  fseek.o(.text)
    _seterr                                  0x080022e5   Thumb Code    20  stdio.o(.text)
    _writebuf                                0x080022f9   Thumb Code    84  stdio.o(.text)
    _fflush                                  0x0800234d   Thumb Code    70  stdio.o(.text)
    _deferredlazyseek                        0x08002393   Thumb Code    60  stdio.o(.text)
    __sig_exit                               0x080023d5   Thumb Code    10  defsig_exit.o(.text)
    __rt_SIGRTRED_inner                      0x080023e1   Thumb Code    14  defsig_rtred_inner.o(.text)
    _sys_exit                                0x08002415   Thumb Code     8  sys_exit.o(.text)
    __Heap_Initialize                        0x08002421   Thumb Code    10  h1_init.o(.text)
    __Heap_DescSize                          0x0800242b   Thumb Code     4  h1_init.o(.text)
    __Heap_ProvideMemory                     0x0800242f   Thumb Code    52  h1_extend.o(.text)
    _ftell_internal                          0x08002463   Thumb Code    66  ftell.o(.text)
    ftell                                    0x08002463   Thumb Code     0  ftell.o(.text)
    __default_signal_display                 0x080024a5   Thumb Code    50  defsig_general.o(.text)
    __rt_SIGRTMEM                            0x080024d7   Thumb Code    14  defsig_rtmem_outer.o(.text)
    __I$use$semihosting                      0x080024e5   Thumb Code     0  use_no_semi.o(.text)
    __use_no_semihosting_swi                 0x080024e5   Thumb Code     2  use_no_semi.o(.text)
    __semihosting_library_function           0x080024e7   Thumb Code     0  indicate_semi.o(.text)
    __aeabi_errno_addr                       0x080024e9   Thumb Code     8  rt_errno_addr_intlibspace.o(.text)
    __errno$intlibspace                      0x080024e9   Thumb Code     0  rt_errno_addr_intlibspace.o(.text)
    __rt_errno_addr$intlibspace              0x080024e9   Thumb Code     0  rt_errno_addr_intlibspace.o(.text)
    __rt_SIGRTMEM_inner                      0x080024f1   Thumb Code    22  defsig_rtmem_inner.o(.text)
    __stdin_name                             0x08002540   Data           7  retarget_io.o(.constdata)
    __stdout_name                            0x08002547   Data           8  retarget_io.o(.constdata)
    __stderr_name                            0x0800254f   Data           8  retarget_io.o(.constdata)
    Region$$Table$$Base                      0x08002580   Number         0  anon$$obj.o(Region$$Table)
    Region$$Table$$Limit                     0x080025a0   Number         0  anon$$obj.o(Region$$Table)
    GPIO_InitStructure                       0x20000014   Data           4  setup.o(.data)
    NVIC_InitStructure                       0x20000018   Data           4  setup.o(.data)
    SystemCoreClock                          0x2000001c   Data           4  system_stm32f10x.o(.data)
    AHBPrescTable                            0x20000020   Data          16  system_stm32f10x.o(.data)
    __aeabi_stdin                            0x20000030   Data           4  stdio_streams.o(.data)
    __aeabi_stdout                           0x20000034   Data           4  stdio_streams.o(.data)
    __aeabi_stderr                           0x20000038   Data           4  stdio_streams.o(.data)
    UART_InitStructure                       0x2000003c   Data          16  setup.o(.bss)
    SPI_InitStructure                        0x2000004c   Data          18  setup.o(.bss)
    __stdin                                  0x20000060   Data          84  stdio_streams.o(.bss)
    __stdout                                 0x200000b4   Data          84  stdio_streams.o(.bss)
    __stderr                                 0x20000108   Data          84  stdio_streams.o(.bss)
    __libspace_start                         0x2000015c   Data          96  libspace.o(.bss)
    __temporary_stack_top$libspace           0x200001bc   Data           0  libspace.o(.bss)



==============================================================================

Memory Map of the image

  Image Entry point : 0x080000ed

  Load Region LR_IROM1 (Base: 0x08000000, Size: 0x000025dc, Max: 0x00010000, ABSOLUTE)

    Execution Region ER_IROM1 (Exec base: 0x08000000, Load base: 0x08000000, Size: 0x000025a0, Max: 0x00010000, ABSOLUTE)

    Exec Addr    Load Addr    Size         Type   Attr      Idx    E Section Name        Object

    0x08000000   0x08000000   0x000000ec   Data   RO          384    RESET               startup_stm32f10x_md.o
    0x080000ec   0x080000ec   0x00000008   Code   RO          482  * !!!main             c_w.l(__main.o)
    0x080000f4   0x080000f4   0x00000034   Code   RO          796    !!!scatter          c_w.l(__scatter.o)
    0x08000128   0x08000128   0x0000001a   Code   RO          798    !!handler_copy      c_w.l(__scatter_copy.o)
    0x08000142   0x08000142   0x00000002   PAD
    0x08000144   0x08000144   0x0000001c   Code   RO          800    !!handler_zi        c_w.l(__scatter_zi.o)
    0x08000160   0x08000160   0x00000000   Code   RO          477    .ARM.Collect$$_printf_percent$$00000000  c_w.l(_printf_percent.o)
    0x08000160   0x08000160   0x00000006   Code   RO          475    .ARM.Collect$$_printf_percent$$00000009  c_w.l(_printf_d.o)
    0x08000166   0x08000166   0x00000006   Code   RO          476    .ARM.Collect$$_printf_percent$$0000000A  c_w.l(_printf_u.o)
    0x0800016c   0x0800016c   0x00000006   Code   RO          474    .ARM.Collect$$_printf_percent$$0000000C  c_w.l(_printf_x.o)
    0x08000172   0x08000172   0x00000004   Code   RO          489    .ARM.Collect$$_printf_percent$$00000017  c_w.l(_printf_percent_end.o)
    0x08000176   0x08000176   0x00000002   Code   RO          607    .ARM.Collect$$libinit$$00000000  c_w.l(libinit.o)
    0x08000178   0x08000178   0x00000000   Code   RO          609    .ARM.Collect$$libinit$$00000002  c_w.l(libinit2.o)
    0x08000178   0x08000178   0x00000000   Code   RO          611    .ARM.Collect$$libinit$$00000004  c_w.l(libinit2.o)
    0x08000178   0x08000178   0x00000008   Code   RO          612    .ARM.Collect$$libinit$$00000005  c_w.l(libinit2.o)
    0x08000180   0x08000180   0x00000000   Code   RO          614    .ARM.Collect$$libinit$$0000000A  c_w.l(libinit2.o)
    0x08000180   0x08000180   0x00000000   Code   RO          616    .ARM.Collect$$libinit$$0000000C  c_w.l(libinit2.o)
    0x08000180   0x08000180   0x00000000   Code   RO          618    .ARM.Collect$$libinit$$0000000E  c_w.l(libinit2.o)
    0x08000180   0x08000180   0x00000000   Code   RO          621    .ARM.Collect$$libinit$$00000011  c_w.l(libinit2.o)
    0x08000180   0x08000180   0x00000000   Code   RO          623    .ARM.Collect$$libinit$$00000013  c_w.l(libinit2.o)
    0x08000180   0x08000180   0x00000000   Code   RO          625    .ARM.Collect$$libinit$$00000015  c_w.l(libinit2.o)
    0x08000180   0x08000180   0x00000000   Code   RO          627    .ARM.Collect$$libinit$$00000017  c_w.l(libinit2.o)
    0x08000180   0x08000180   0x00000000   Code   RO          629    .ARM.Collect$$libinit$$00000019  c_w.l(libinit2.o)
    0x08000180   0x08000180   0x00000000   Code   RO          631    .ARM.Collect$$libinit$$0000001B  c_w.l(libinit2.o)
    0x08000180   0x08000180   0x00000000   Code   RO          633    .ARM.Collect$$libinit$$0000001D  c_w.l(libinit2.o)
    0x08000180   0x08000180   0x00000000   Code   RO          635    .ARM.Collect$$libinit$$0000001F  c_w.l(libinit2.o)
    0x08000180   0x08000180   0x00000000   Code   RO          637    .ARM.Collect$$libinit$$00000021  c_w.l(libinit2.o)
    0x08000180   0x08000180   0x00000000   Code   RO          639    .ARM.Collect$$libinit$$00000023  c_w.l(libinit2.o)
    0x08000180   0x08000180   0x00000004   Code   RO          640    .ARM.Collect$$libinit$$00000024  c_w.l(libinit2.o)
    0x08000184   0x08000184   0x00000000   Code   RO          641    .ARM.Collect$$libinit$$00000025  c_w.l(libinit2.o)
    0x08000184   0x08000184   0x00000000   Code   RO          645    .ARM.Collect$$libinit$$0000002C  c_w.l(libinit2.o)
    0x08000184   0x08000184   0x00000000   Code   RO          647    .ARM.Collect$$libinit$$0000002E  c_w.l(libinit2.o)
    0x08000184   0x08000184   0x00000000   Code   RO          649    .ARM.Collect$$libinit$$00000030  c_w.l(libinit2.o)
    0x08000184   0x08000184   0x00000000   Code   RO          651    .ARM.Collect$$libinit$$00000032  c_w.l(libinit2.o)
    0x08000184   0x08000184   0x00000002   Code   RO          652    .ARM.Collect$$libinit$$00000033  c_w.l(libinit2.o)
    0x08000186   0x08000186   0x00000002   Code   RO          775    .ARM.Collect$$libshutdown$$00000000  c_w.l(libshutdown.o)
    0x08000188   0x08000188   0x00000000   Code   RO          654    .ARM.Collect$$libshutdown$$00000002  c_w.l(libshutdown2.o)
    0x08000188   0x08000188   0x00000004   Code   RO          655    .ARM.Collect$$libshutdown$$00000003  c_w.l(libshutdown2.o)
    0x0800018c   0x0800018c   0x00000000   Code   RO          656    .ARM.Collect$$libshutdown$$00000004  c_w.l(libshutdown2.o)
    0x0800018c   0x0800018c   0x00000000   Code   RO          659    .ARM.Collect$$libshutdown$$00000007  c_w.l(libshutdown2.o)
    0x0800018c   0x0800018c   0x00000000   Code   RO          662    .ARM.Collect$$libshutdown$$0000000A  c_w.l(libshutdown2.o)
    0x0800018c   0x0800018c   0x00000000   Code   RO          664    .ARM.Collect$$libshutdown$$0000000C  c_w.l(libshutdown2.o)
    0x0800018c   0x0800018c   0x00000000   Code   RO          667    .ARM.Collect$$libshutdown$$0000000F  c_w.l(libshutdown2.o)
    0x0800018c   0x0800018c   0x00000002   Code   RO          668    .ARM.Collect$$libshutdown$$00000010  c_w.l(libshutdown2.o)
    0x0800018e   0x0800018e   0x00000000   Code   RO          484    .ARM.Collect$$rtentry$$00000000  c_w.l(__rtentry.o)
    0x0800018e   0x0800018e   0x00000000   Code   RO          497    .ARM.Collect$$rtentry$$00000002  c_w.l(__rtentry2.o)
    0x0800018e   0x0800018e   0x00000006   Code   RO          509    .ARM.Collect$$rtentry$$00000004  c_w.l(__rtentry4.o)
    0x08000194   0x08000194   0x00000000   Code   RO          499    .ARM.Collect$$rtentry$$00000009  c_w.l(__rtentry2.o)
    0x08000194   0x08000194   0x00000004   Code   RO          500    .ARM.Collect$$rtentry$$0000000A  c_w.l(__rtentry2.o)
    0x08000198   0x08000198   0x00000000   Code   RO          502    .ARM.Collect$$rtentry$$0000000C  c_w.l(__rtentry2.o)
    0x08000198   0x08000198   0x00000008   Code   RO          503    .ARM.Collect$$rtentry$$0000000D  c_w.l(__rtentry2.o)
    0x080001a0   0x080001a0   0x00000002   Code   RO          672    .ARM.Collect$$rtexit$$00000000  c_w.l(rtexit.o)
    0x080001a2   0x080001a2   0x00000000   Code   RO          720    .ARM.Collect$$rtexit$$00000002  c_w.l(rtexit2.o)
    0x080001a2   0x080001a2   0x00000004   Code   RO          721    .ARM.Collect$$rtexit$$00000003  c_w.l(rtexit2.o)
    0x080001a6   0x080001a6   0x00000006   Code   RO          722    .ARM.Collect$$rtexit$$00000004  c_w.l(rtexit2.o)
    0x080001ac   0x080001ac   0x00000000   Code   RO          726    .emb_text           c_w.l(maybetermalloc1.o)
    0x080001ac   0x080001ac   0x000001e8   Code   RO            1    .text               main.o
    0x08000394   0x08000394   0x00000092   Code   RO          117    .text               stm32f10x_it.o
    0x08000426   0x08000426   0x00000002   PAD
    0x08000428   0x08000428   0x000000dc   Code   RO          152    .text               misc.o
    0x08000504   0x08000504   0x0000035c   Code   RO          233    .text               stm32f10x_gpio.o
    0x08000860   0x08000860   0x000003a4   Code   RO          251    .text               stm32f10x_rcc.o
    0x08000c04   0x08000c04   0x00000408   Code   RO          268    .text               stm32f10x_usart.o
    0x0800100c   0x0800100c   0x0000030c   Code   RO          283    .text               stm32f10x_spi.o
    0x08001318   0x08001318   0x0000020c   Code   RO          313    .text               23lc1024.o
    0x08001524   0x08001524   0x00000164   Code   RO          337    .text               setup.o
    0x08001688   0x08001688   0x000001e0   Code   RO          364    .text               system_stm32f10x.o
    0x08001868   0x08001868   0x00000040   Code   RO          385    .text               startup_stm32f10x_md.o
    0x080018a8   0x080018a8   0x000001a4   Code   RO          389    .text               retarget_io.o
    0x08001a4c   0x08001a4c   0x00000018   Code   RO          427    .text               c_w.l(noretval__2printf.o)
    0x08001a64   0x08001a64   0x00000068   Code   RO          429    .text               c_w.l(__printf.o)
    0x08001acc   0x08001acc   0x00000078   Code   RO          431    .text               c_w.l(_printf_dec.o)
    0x08001b44   0x08001b44   0x00000058   Code   RO          436    .text               c_w.l(_printf_hex_int.o)
    0x08001b9c   0x08001b9c   0x00000080   Code   RO          478    .text               c_w.l(strcmpv7m.o)
    0x08001c1c   0x08001c1c   0x00000006   Code   RO          480    .text               c_w.l(heapauxi.o)
    0x08001c22   0x08001c22   0x000000b2   Code   RO          485    .text               c_w.l(_printf_intcommon.o)
    0x08001cd4   0x08001cd4   0x00000024   Code   RO          487    .text               c_w.l(_printf_char_file.o)
    0x08001cf8   0x08001cf8   0x00000030   Code   RO          511    .text               c_w.l(_printf_char_common.o)
    0x08001d28   0x08001d28   0x00000008   Code   RO          513    .text               c_w.l(ferror.o)
    0x08001d30   0x08001d30   0x00000138   Code   RO          515    .text               c_w.l(initio.o)
    0x08001e68   0x08001e68   0x0000004a   Code   RO          523    .text               c_w.l(sys_stackheap_outer.o)
    0x08001eb2   0x08001eb2   0x0000004e   Code   RO          527    .text               c_w.l(h1_free.o)
    0x08001f00   0x08001f00   0x00000046   Code   RO          583    .text               c_w.l(setvbuf.o)
    0x08001f46   0x08001f46   0x00000002   PAD
    0x08001f48   0x08001f48   0x000000ec   Code   RO          586    .text               c_w.l(fopen.o)
    0x08002034   0x08002034   0x0000004c   Code   RO          588    .text               c_w.l(fclose.o)
    0x08002080   0x08002080   0x00000012   Code   RO          594    .text               c_w.l(exit.o)
    0x08002092   0x08002092   0x0000000e   Code   RO          596    .text               c_w.l(defsig_rtred_outer.o)
    0x080020a0   0x080020a0   0x0000004e   Code   RO          600    .text               c_w.l(rt_memclr_w.o)
    0x080020ee   0x080020ee   0x00000002   PAD
    0x080020f0   0x080020f0   0x00000008   Code   RO          669    .text               c_w.l(libspace.o)
    0x080020f8   0x080020f8   0x00000008   Code   RO          679    .text               c_w.l(rt_heap_descriptor_intlibspace.o)
    0x08002100   0x08002100   0x00000004   Code   RO          681    .text               c_w.l(hguard.o)
    0x08002104   0x08002104   0x0000008a   Code   RO          683    .text               c_w.l(init_alloc.o)
    0x0800218e   0x0800218e   0x0000005e   Code   RO          689    .text               c_w.l(h1_alloc.o)
    0x080021ec   0x080021ec   0x000000f8   Code   RO          703    .text               c_w.l(fseek.o)
    0x080022e4   0x080022e4   0x000000f0   Code   RO          705    .text               c_w.l(stdio.o)
    0x080023d4   0x080023d4   0x0000000a   Code   RO          707    .text               c_w.l(defsig_exit.o)
    0x080023de   0x080023de   0x00000002   PAD
    0x080023e0   0x080023e0   0x00000034   Code   RO          709    .text               c_w.l(defsig_rtred_inner.o)
    0x08002414   0x08002414   0x0000000c   Code   RO          717    .text               c_w.l(sys_exit.o)
    0x08002420   0x08002420   0x0000000e   Code   RO          728    .text               c_w.l(h1_init.o)
    0x0800242e   0x0800242e   0x00000034   Code   RO          730    .text               c_w.l(h1_extend.o)
    0x08002462   0x08002462   0x00000042   Code   RO          736    .text               c_w.l(ftell.o)
    0x080024a4   0x080024a4   0x00000032   Code   RO          740    .text               c_w.l(defsig_general.o)
    0x080024d6   0x080024d6   0x0000000e   Code   RO          742    .text               c_w.l(defsig_rtmem_outer.o)
    0x080024e4   0x080024e4   0x00000002   Code   RO          757    .text               c_w.l(use_no_semi.o)
    0x080024e6   0x080024e6   0x00000000   Code   RO          759    .text               c_w.l(indicate_semi.o)
    0x080024e6   0x080024e6   0x00000002   PAD
    0x080024e8   0x080024e8   0x00000008   Code   RO          763    .text               c_w.l(rt_errno_addr_intlibspace.o)
    0x080024f0   0x080024f0   0x00000050   Code   RO          769    .text               c_w.l(defsig_rtmem_inner.o)
    0x08002540   0x08002540   0x00000017   Data   RO          390    .constdata          retarget_io.o
    0x08002557   0x08002557   0x00000028   Data   RO          437    .constdata          c_w.l(_printf_hex_int.o)
    0x0800257f   0x0800257f   0x00000001   PAD
    0x08002580   0x08002580   0x00000020   Data   RO          794    Region$$Table       anon$$obj.o


    Execution Region RW_IRAM1 (Exec base: 0x20000000, Load base: 0x080025a0, Size: 0x000007c0, Max: 0x00005000, ABSOLUTE)

    Exec Addr    Load Addr    Size         Type   Attr      Idx    E Section Name        Object

    0x20000000   0x080025a0   0x00000014   Data   RW          252    .data               stm32f10x_rcc.o
    0x20000014   0x080025b4   0x00000008   Data   RW          339    .data               setup.o
    0x2000001c   0x080025bc   0x00000014   Data   RW          365    .data               system_stm32f10x.o
    0x20000030   0x080025d0   0x00000004   Data   RW          493    .data               c_w.l(stdio_streams.o)
    0x20000034   0x080025d4   0x00000004   Data   RW          494    .data               c_w.l(stdio_streams.o)
    0x20000038   0x080025d8   0x00000004   Data   RW          495    .data               c_w.l(stdio_streams.o)
    0x2000003c        -       0x00000022   Zero   RW          338    .bss                setup.o
    0x2000005e   0x080025dc   0x00000002   PAD
    0x20000060        -       0x00000054   Zero   RW          490    .bss                c_w.l(stdio_streams.o)
    0x200000b4        -       0x00000054   Zero   RW          491    .bss                c_w.l(stdio_streams.o)
    0x20000108        -       0x00000054   Zero   RW          492    .bss                c_w.l(stdio_streams.o)
    0x2000015c        -       0x00000060   Zero   RW          670    .bss                c_w.l(libspace.o)
    0x200001bc   0x080025dc   0x00000004   PAD
    0x200001c0        -       0x00000200   Zero   RW          383    HEAP                startup_stm32f10x_md.o
    0x200003c0        -       0x00000400   Zero   RW          382    STACK               startup_stm32f10x_md.o


==============================================================================

Image component sizes


      Code (inc. data)   RO Data    RW Data    ZI Data      Debug   Object Name

       524          8          0          0          0       4529   23lc1024.o
         0          0          0          0          0         32   core_cm3.o
       488        132          0          0          0     209772   main.o
       220         22          0          0          0      34229   misc.o
       420         24         23          0          0       4067   retarget_io.o
       356         32          0          8         34       1550   setup.o
        64         26        236          0       1536        920   startup_stm32f10x_md.o
       860         38          0          0          0      14397   stm32f10x_gpio.o
       146          0          0          0          0     209196   stm32f10x_it.o
       932         36          0         20          0      17976   stm32f10x_rcc.o
       780         14          0          0          0      13822   stm32f10x_spi.o
      1032         22          0          0          0      14796   stm32f10x_usart.o
       480         38          0         20          0       2067   system_stm32f10x.o

    ----------------------------------------------------------------------
      6304        392        291         48       1572     527353   Object Totals
         0          0         32          0          0          0   (incl. Generated)
         2          0          0          0          2          0   (incl. Padding)

    ----------------------------------------------------------------------

      Code (inc. data)   RO Data    RW Data    ZI Data      Debug   Library Member Name

         8          0          0          0          0         68   __main.o
       104          0          0          0          0         84   __printf.o
         0          0          0          0          0          0   __rtentry.o
        12          0          0          0          0          0   __rtentry2.o
         6          0          0          0          0          0   __rtentry4.o
        52          8          0          0          0          0   __scatter.o
        26          0          0          0          0          0   __scatter_copy.o
        28          0          0          0          0          0   __scatter_zi.o
        48          6          0          0          0         96   _printf_char_common.o
        36          4          0          0          0         80   _printf_char_file.o
         6          0          0          0          0          0   _printf_d.o
       120         16          0          0          0         92   _printf_dec.o
        88          4         40          0          0         88   _printf_hex_int.o
       178          0          0          0          0         88   _printf_intcommon.o
         0          0          0          0          0          0   _printf_percent.o
         4          0          0          0          0          0   _printf_percent_end.o
         6          0          0          0          0          0   _printf_u.o
         6          0          0          0          0          0   _printf_x.o
        10          0          0          0          0         68   defsig_exit.o
        50          0          0          0          0         88   defsig_general.o
        80         58          0          0          0         76   defsig_rtmem_inner.o
        14          0          0          0          0         80   defsig_rtmem_outer.o
        52         38          0          0          0         76   defsig_rtred_inner.o
        14          0          0          0          0         80   defsig_rtred_outer.o
        18          0          0          0          0         80   exit.o
        76          0          0          0          0         88   fclose.o
         8          0          0          0          0         68   ferror.o
       236          4          0          0          0        128   fopen.o
       248          6          0          0          0         84   fseek.o
        66          0          0          0          0         76   ftell.o
        94          0          0          0          0         80   h1_alloc.o
        52          0          0          0          0         68   h1_extend.o
        78          0          0          0          0         80   h1_free.o
        14          0          0          0          0         84   h1_init.o
         6          0          0          0          0        152   heapauxi.o
         4          0          0          0          0        136   hguard.o
         0          0          0          0          0          0   indicate_semi.o
       138          0          0          0          0        168   init_alloc.o
       312         46          0          0          0        112   initio.o
         2          0          0          0          0          0   libinit.o
        14          0          0          0          0          0   libinit2.o
         2          0          0          0          0          0   libshutdown.o
         6          0          0          0          0          0   libshutdown2.o
         8          4          0          0         96         68   libspace.o
         0          0          0          0          0          0   maybetermalloc1.o
        24          4          0          0          0         84   noretval__2printf.o
         8          4          0          0          0         68   rt_errno_addr_intlibspace.o
         8          4          0          0          0         68   rt_heap_descriptor_intlibspace.o
        78          0          0          0          0         80   rt_memclr_w.o
         2          0          0          0          0          0   rtexit.o
        10          0          0          0          0          0   rtexit2.o
        70          0          0          0          0         80   setvbuf.o
       240          6          0          0          0        156   stdio.o
         0          0          0         12        252          0   stdio_streams.o
       128          0          0          0          0         68   strcmpv7m.o
        12          4          0          0          0         68   sys_exit.o
        74          0          0          0          0         80   sys_stackheap_outer.o
         2          0          0          0          0         68   use_no_semi.o

    ----------------------------------------------------------------------
      2996        216         41         12        352       3356   Library Totals
        10          0          1          0          4          0   (incl. Padding)

    ----------------------------------------------------------------------

      Code (inc. data)   RO Data    RW Data    ZI Data      Debug   Library Name

      2986        216         40         12        348       3356   c_w.l

    ----------------------------------------------------------------------
      2996        216         41         12        352       3356   Library Totals

    ----------------------------------------------------------------------

==============================================================================


      Code (inc. data)   RO Data    RW Data    ZI Data      Debug   

      9300        608        332         60       1924     528053   Grand Totals
      9300        608        332         60       1924     528053   ELF Image Totals
      9300        608        332         60          0          0   ROM Totals

==============================================================================

    Total RO  Size (Code + RO Data)                 9632 (   9.41kB)
    Total RW  Size (RW Data + ZI Data)              1984 (   1.94kB)
    Total ROM Size (Code + RO Data + RW Data)       9692 (   9.46kB)

==============================================================================

